../Core/Src/renderer.c:19:6:swap_buffers	0	static
../Core/Src/renderer.c:26:6:clear_back_buffer	0	static
../Core/Src/renderer.c:30:6:set_pixel	8	static
../Core/Src/renderer.c:40:6:set_pixel_w	16	static
../Core/Src/renderer.c:45:6:get_rgb	8	static
../Core/Src/renderer.c:52:6:render_row	32	static
../Core/Src/renderer.c:105:6:render_buffer	16	static
../Core/Src/renderer.c:132:6:draw_line_colored	64	static
../Core/Src/renderer.c:129:6:draw_line	24	static
../Core/Src/renderer.c:164:6:draw_rect	40	static
../Core/Src/renderer.c:171:6:draw_Rect	16	static
../Core/Src/renderer.c:174:6:Draw_Rect	40	static
../Core/Src/renderer.c:257:6:set_pixel_w_bold	24	static
../Core/Src/renderer.c:264:6:draw_digit	48	static
../Core/Src/renderer.c:290:6:draw_number	40	static
../Core/Src/renderer.c:312:6:draw_char	48	static
../Core/Src/renderer.c:360:6:draw_text	24	static
../Core/Src/renderer.c:367:11:calculate_text_width	0	static
../Core/Src/renderer.c:379:11:calculate_number_width	0	static
