Archive member included to satisfy reference by file (symbol)

/home/han/st/stm32cubeide_1.16.0_3/plugins/com.st.stm32cube.ide.mcu.externaltools.gnu-tools-for-stm32.12.3.rel1.linux64_1.0.200.202406132123/tools/bin/../lib/gcc/arm-none-eabi/12.3.1/../../../../arm-none-eabi/lib/thumb/v7-m/nofp/libc_nano.a(libc_a-exit.o)
                              /home/han/st/stm32cubeide_1.16.0_3/plugins/com.st.stm32cube.ide.mcu.externaltools.gnu-tools-for-stm32.12.3.rel1.linux64_1.0.200.202406132123/tools/bin/../lib/gcc/arm-none-eabi/12.3.1/../../../../arm-none-eabi/lib/thumb/v7-m/nofp/crt0.o (exit)
/home/han/st/stm32cubeide_1.16.0_3/plugins/com.st.stm32cube.ide.mcu.externaltools.gnu-tools-for-stm32.12.3.rel1.linux64_1.0.200.202406132123/tools/bin/../lib/gcc/arm-none-eabi/12.3.1/../../../../arm-none-eabi/lib/thumb/v7-m/nofp/libc_nano.a(libc_a-findfp.o)
                              /home/han/st/stm32cubeide_1.16.0_3/plugins/com.st.stm32cube.ide.mcu.externaltools.gnu-tools-for-stm32.12.3.rel1.linux64_1.0.200.202406132123/tools/bin/../lib/gcc/arm-none-eabi/12.3.1/../../../../arm-none-eabi/lib/thumb/v7-m/nofp/libc_nano.a(libc_a-exit.o) (__stdio_exit_handler)
/home/han/st/stm32cubeide_1.16.0_3/plugins/com.st.stm32cube.ide.mcu.externaltools.gnu-tools-for-stm32.12.3.rel1.linux64_1.0.200.202406132123/tools/bin/../lib/gcc/arm-none-eabi/12.3.1/../../../../arm-none-eabi/lib/thumb/v7-m/nofp/libc_nano.a(libc_a-fwalk.o)
                              /home/han/st/stm32cubeide_1.16.0_3/plugins/com.st.stm32cube.ide.mcu.externaltools.gnu-tools-for-stm32.12.3.rel1.linux64_1.0.200.202406132123/tools/bin/../lib/gcc/arm-none-eabi/12.3.1/../../../../arm-none-eabi/lib/thumb/v7-m/nofp/libc_nano.a(libc_a-findfp.o) (_fwalk_sglue)
/home/han/st/stm32cubeide_1.16.0_3/plugins/com.st.stm32cube.ide.mcu.externaltools.gnu-tools-for-stm32.12.3.rel1.linux64_1.0.200.202406132123/tools/bin/../lib/gcc/arm-none-eabi/12.3.1/../../../../arm-none-eabi/lib/thumb/v7-m/nofp/libc_nano.a(libc_a-stdio.o)
                              /home/han/st/stm32cubeide_1.16.0_3/plugins/com.st.stm32cube.ide.mcu.externaltools.gnu-tools-for-stm32.12.3.rel1.linux64_1.0.200.202406132123/tools/bin/../lib/gcc/arm-none-eabi/12.3.1/../../../../arm-none-eabi/lib/thumb/v7-m/nofp/libc_nano.a(libc_a-findfp.o) (__sread)
/home/han/st/stm32cubeide_1.16.0_3/plugins/com.st.stm32cube.ide.mcu.externaltools.gnu-tools-for-stm32.12.3.rel1.linux64_1.0.200.202406132123/tools/bin/../lib/gcc/arm-none-eabi/12.3.1/../../../../arm-none-eabi/lib/thumb/v7-m/nofp/libc_nano.a(libc_a-memset.o)
                              /home/han/st/stm32cubeide_1.16.0_3/plugins/com.st.stm32cube.ide.mcu.externaltools.gnu-tools-for-stm32.12.3.rel1.linux64_1.0.200.202406132123/tools/bin/../lib/gcc/arm-none-eabi/12.3.1/../../../../arm-none-eabi/lib/thumb/v7-m/nofp/crt0.o (memset)
/home/han/st/stm32cubeide_1.16.0_3/plugins/com.st.stm32cube.ide.mcu.externaltools.gnu-tools-for-stm32.12.3.rel1.linux64_1.0.200.202406132123/tools/bin/../lib/gcc/arm-none-eabi/12.3.1/../../../../arm-none-eabi/lib/thumb/v7-m/nofp/libc_nano.a(libc_a-closer.o)
                              /home/han/st/stm32cubeide_1.16.0_3/plugins/com.st.stm32cube.ide.mcu.externaltools.gnu-tools-for-stm32.12.3.rel1.linux64_1.0.200.202406132123/tools/bin/../lib/gcc/arm-none-eabi/12.3.1/../../../../arm-none-eabi/lib/thumb/v7-m/nofp/libc_nano.a(libc_a-stdio.o) (_close_r)
/home/han/st/stm32cubeide_1.16.0_3/plugins/com.st.stm32cube.ide.mcu.externaltools.gnu-tools-for-stm32.12.3.rel1.linux64_1.0.200.202406132123/tools/bin/../lib/gcc/arm-none-eabi/12.3.1/../../../../arm-none-eabi/lib/thumb/v7-m/nofp/libc_nano.a(libc_a-reent.o)
                              /home/han/st/stm32cubeide_1.16.0_3/plugins/com.st.stm32cube.ide.mcu.externaltools.gnu-tools-for-stm32.12.3.rel1.linux64_1.0.200.202406132123/tools/bin/../lib/gcc/arm-none-eabi/12.3.1/../../../../arm-none-eabi/lib/thumb/v7-m/nofp/libc_nano.a(libc_a-closer.o) (errno)
/home/han/st/stm32cubeide_1.16.0_3/plugins/com.st.stm32cube.ide.mcu.externaltools.gnu-tools-for-stm32.12.3.rel1.linux64_1.0.200.202406132123/tools/bin/../lib/gcc/arm-none-eabi/12.3.1/../../../../arm-none-eabi/lib/thumb/v7-m/nofp/libc_nano.a(libc_a-impure.o)
                              /home/han/st/stm32cubeide_1.16.0_3/plugins/com.st.stm32cube.ide.mcu.externaltools.gnu-tools-for-stm32.12.3.rel1.linux64_1.0.200.202406132123/tools/bin/../lib/gcc/arm-none-eabi/12.3.1/../../../../arm-none-eabi/lib/thumb/v7-m/nofp/libc_nano.a(libc_a-reent.o) (_impure_ptr)
/home/han/st/stm32cubeide_1.16.0_3/plugins/com.st.stm32cube.ide.mcu.externaltools.gnu-tools-for-stm32.12.3.rel1.linux64_1.0.200.202406132123/tools/bin/../lib/gcc/arm-none-eabi/12.3.1/../../../../arm-none-eabi/lib/thumb/v7-m/nofp/libc_nano.a(libc_a-lseekr.o)
[...]
Memory Configuration

Name             Origin             Length             Attributes
RAM              0x20000000         0x00008000         xrw
FLASH            0x08000000         0x00040000         xr
*default*        0x00000000         0xffffffff

Linker script and memory map

LOAD /home/han/st/stm32cubeide_1.16.0_3/plugins/com.st.stm32cube.ide.mcu.externaltools.gnu-tools-for-stm32.12.3.rel1.linux64_1.0.200.202406132123/tools/bin/../lib/gcc/arm-none-eabi/12.3.1/thumb/v7-m/nofp/crti.o
LOAD /home/han/st/stm32cubeide_1.16.0_3/plugins/com.st.stm32cube.ide.mcu.externaltools.gnu-tools-for-stm32.12.3.rel1.linux64_1.0.200.202406132123/tools/bin/../lib/gcc/arm-none-eabi/12.3.1/thumb/v7-m/nofp/crtbegin.o
LOAD /home/han/st/stm32cubeide_1.16.0_3/plugins/com.st.stm32cube.ide.mcu.externaltools.gnu-tools-for-stm32.12.3.rel1.linux64_1.0.200.202406132123/tools/bin/../lib/gcc/arm-none-eabi/12.3.1/../../../../arm-none-eabi/lib/thumb/v7-m/nofp/crt0.o
LOAD ./Core/Src/main.o
LOAD ./Core/Src/stm32l1xx_hal_msp.o
LOAD ./Core/Src/stm32l1xx_it.o
LOAD ./Core/Src/syscalls.o
LOAD ./Core/Src/sysmem.o
LOAD ./Core/Src/system_stm32l1xx.o
LOAD ./Core/Startup/startup_stm32l152rctx.o
LOAD ./Drivers/STM32L1xx_HAL_Driver/Src/stm32l1xx_hal.o
LOAD ./Drivers/STM32L1xx_HAL_Driver/Src/stm32l1xx_hal_cortex.o
LOAD ./Drivers/STM32L1xx_HAL_Driver/Src/stm32l1xx_hal_dma.o
LOAD ./Drivers/STM32L1xx_HAL_Driver/Src/stm32l1xx_hal_exti.o
LOAD ./Drivers/STM32L1xx_HAL_Driver/Src/stm32l1xx_hal_flash.o
LOAD ./Drivers/STM32L1xx_HAL_Driver/Src/stm32l1xx_hal_flash_ex.o
LOAD ./Drivers/STM32L1xx_HAL_Driver/Src/stm32l1xx_hal_flash_ramfunc.o
LOAD ./Drivers/STM32L1xx_HAL_Driver/Src/stm32l1xx_hal_gpio.o
LOAD ./Drivers/STM32L1xx_HAL_Driver/Src/stm32l1xx_hal_pwr.o
LOAD ./Drivers/STM32L1xx_HAL_Driver/Src/stm32l1xx_hal_pwr_ex.o
LOAD ./Drivers/STM32L1xx_HAL_Driver/Src/stm32l1xx_hal_rcc.o
LOAD ./Drivers/STM32L1xx_HAL_Driver/Src/stm32l1xx_hal_rcc_ex.o
LOAD ./Drivers/STM32L1xx_HAL_Driver/Src/stm32l1xx_hal_tim.o
LOAD ./Drivers/STM32L1xx_HAL_Driver/Src/stm32l1xx_hal_tim_ex.o
START GROUP
LOAD /home/han/st/stm32cubeide_1.16.0_3/plugins/com.st.stm32cube.ide.mcu.externaltools.gnu-tools-for-stm32.12.3.rel1.linux64_1.0.200.202406132123/tools/bin/../lib/gcc/arm-none-eabi/12.3.1/../../../../arm-none-eabi/lib/thumb/v7-m/nofp/libc_nano.a
LOAD /home/han/st/stm32cubeide_1.16.0_3/plugins/com.st.stm32cube.ide.mcu.externaltools.gnu-tools-for-stm32.12.3.rel1.linux64_1.0.200.202406132123/tools/bin/../lib/gcc/arm-none-eabi/12.3.1/../../../../arm-none-eabi/lib/thumb/v7-m/nofp/libm.a
END GROUP
START GROUP
LOAD /home/han/st/stm32cubeide_1.16.0_3/plugins/com.st.stm32cube.ide.mcu.externaltools.gnu-tools-for-stm32.12.3.rel1.linux64_1.0.200.202406132123/tools/bin/../lib/gcc/arm-none-eabi/12.3.1/thumb/v7-m/nofp/libgcc.a
LOAD /home/han/st/stm32cubeide_1.16.0_3/plugins/com.st.stm32cube.ide.mcu.externaltools.gnu-tools-for-stm32.12.3.rel1.linux64_1.0.200.202406132123/tools/bin/../lib/gcc/arm-none-eabi/12.3.1/../../../../arm-none-eabi/lib/thumb/v7-m/nofp/libc_nano.a
END GROUP
START GROUP
LOAD /home/han/st/stm32cubeide_1.16.0_3/plugins/com.st.stm32cube.ide.mcu.externaltools.gnu-tools-for-stm32.12.3.rel1.linux64_1.0.200.202406132123/tools/bin/../lib/gcc/arm-none-eabi/12.3.1/thumb/v7-m/nofp/libgcc.a
LOAD /home/han/st/stm32cubeide_1.16.0_3/plugins/com.st.stm32cube.ide.mcu.externaltools.gnu-tools-for-stm32.12.3.rel1.linux64_1.0.200.202406132123/tools/bin/../lib/gcc/arm-none-eabi/12.3.1/../../../../arm-none-eabi/lib/thumb/v7-m/nofp/libc_nano.a
LOAD /home/han/st/stm32cubeide_1.16.0_3/plugins/com.st.stm32cube.ide.mcu.externaltools.gnu-tools-for-stm32.12.3.rel1.linux64_1.0.200.202406132123/tools/bin/../lib/gcc/arm-none-eabi/12.3.1/../../../../arm-none-eabi/lib/thumb/v7-m/nofp/libnosys.a
END GROUP
START GROUP
LOAD /home/han/st/stm32cubeide_1.16.0_3/plugins/com.st.stm32cube.ide.mcu.externaltools.gnu-tools-for-stm32.12.3.rel1.linux64_1.0.200.202406132123/tools/bin/../lib/gcc/arm-none-eabi/12.3.1/thumb/v7-m/nofp/libgcc.a
LOAD /home/han/st/stm32cubeide_1.16.0_3/plugins/com.st.stm32cube.ide.mcu.externaltools.gnu-tools-for-stm32.12.3.rel1.linux64_1.0.200.202406132123/tools/bin/../lib/gcc/arm-none-eabi/12.3.1/../../../../arm-none-eabi/lib/thumb/v7-m/nofp/libc_nano.a
LOAD /home/han/st/stm32cubeide_1.16.0_3/plugins/com.st.stm32cube.ide.mcu.externaltools.gnu-tools-for-stm32.12.3.rel1.linux64_1.0.200.202406132123/tools/bin/../lib/gcc/arm-none-eabi/12.3.1/../../../../arm-none-eabi/lib/thumb/v7-m/nofp/libnosys.a
END GROUP
LOAD /home/han/st/stm32cubeide_1.16.0_3/plugins/com.st.stm32cube.ide.mcu.externaltools.gnu-tools-for-stm32.12.3.rel1.linux64_1.0.200.202406132123/tools/bin/../lib/gcc/arm-none-eabi/12.3.1/thumb/v7-m/nofp/crtend.o
LOAD /home/han/st/stm32cubeide_1.16.0_3/plugins/com.st.stm32cube.ide.mcu.externaltools.gnu-tools-for-stm32.12.3.rel1.linux64_1.0.200.202406132123/tools/bin/../lib/gcc/arm-none-eabi/12.3.1/thumb/v7-m/nofp/crtn.o
                0x20008000                        _estack = (ORIGIN (RAM) + LENGTH (RAM))
                0x00000200                        _Min_Heap_Size = 0x200
                0x00000400                        _Min_Stack_Size = 0x400

.isr_vector     0x08000000      0x13c
                0x08000000                        . = ALIGN (0x4)
 *(.isr_vector)
 .isr_vector    0x08000000      0x13c ./Core/Startup/startup_stm32l152rctx.o
                0x08000000                g_pfnVectors
                0x0800013c                        . = ALIGN (0x4)

.text           0x0800013c     0x25f8
                0x0800013c                        . = ALIGN (0x4)
 *(.text)
 .text          0x0800013c       0x40 /home/han/st/stm32cubeide_1.16.0_3/plugins/com.st.stm32cube.ide.mcu.externaltools.gnu-tools-for-stm32.12.3.rel1.linux64_1.0.200.202406132123/tools/bin/../lib/gcc/arm-none-eabi/12.3.1/thumb/v7-m/nofp/crtbegin.o
 .text          0x0800017c       0x30 /home/han/st/stm32cubeide_1.16.0_3/plugins/com.st.stm32cube.ide.mcu.externaltools.gnu-tools-for-stm32.12.3.rel1.linux64_1.0.200.202406132123/tools/bin/../lib/gcc/arm-none-eabi/12.3.1/thumb/v7-m/nofp/libgcc.a(_aeabi_uldivmod.o)
                0x0800017c                __aeabi_uldivmod
 .text          0x080001ac      0x2b8 /home/han/st/stm32cubeide_1.16.0_3/plugins/com.st.stm32cube.ide.mcu.externaltools.gnu-tools-for-stm32.12.3.rel1.linux64_1.0.200.202406132123/tools/bin/../lib/gcc/arm-none-eabi/12.3.1/thumb/v7-m/nofp/libgcc.a(_udivmoddi4.o)
                0x080001ac                __udivmoddi4
 .text          0x08000464        0x4 /home/han/st/stm32cubeide_1.16.0_3/plugins/com.st.stm32cube.ide.mcu.externaltools.gnu-tools-for-stm32.12.3.rel1.linux64_1.0.200.202406132123/tools/bin/../lib/gcc/arm-none-eabi/12.3.1/thumb/v7-m/nofp/libgcc.a(_dvmd_tls.o)
                0x08000464                __aeabi_ldiv0
                0x08000464                __aeabi_idiv0
 *(.text*)
 .text.main     0x08000468       0x2c ./Core/Src/main.o
                0x08000468                main
 .text.SystemClock_Config
                0x08000494       0x90 ./Core/Src/main.o
                0x08000494                SystemClock_Config
 .text.MX_TIM2_Init
                0x08000524       0xe8 ./Core/Src/main.o
 .text.MX_GPIO_Init
                0x0800060c       0x7c ./Core/Src/main.o
 .text.Error_Handler
                0x08000688        0xc ./Core/Src/main.o
                0x08000688                Error_Handler
 .text.HAL_MspInit
                0x08000694       0x5c ./Core/Src/stm32l1xx_hal_msp.o
                0x08000694                HAL_MspInit
 .text.HAL_TIM_Base_MspInit
                0x080006f0       0x48 ./Core/Src/stm32l1xx_hal_msp.o
                0x080006f0                HAL_TIM_Base_MspInit
 .text.HAL_TIM_MspPostInit
                0x08000738       0x6c ./Core/Src/stm32l1xx_hal_msp.o
                0x08000738                HAL_TIM_MspPostInit
 .text.NMI_Handler
                0x080007a4        0x8 ./Core/Src/stm32l1xx_it.o
                0x080007a4                NMI_Handler
 .text.HardFault_Handler
                0x080007ac        0x8 ./Core/Src/stm32l1xx_it.o
                0x080007ac                HardFault_Handler
 .text.MemManage_Handler
                0x080007b4        0x8 ./Core/Src/stm32l1xx_it.o
                0x080007b4                MemManage_Handler
 .text.BusFault_Handler
                0x080007bc        0x8 ./Core/Src/stm32l1xx_it.o
                0x080007bc                BusFault_Handler
 .text.UsageFault_Handler
                0x080007c4        0x8 ./Core/Src/stm32l1xx_it.o
                0x080007c4                UsageFault_Handler
 .text.SVC_Handler
                0x080007cc        0xc ./Core/Src/stm32l1xx_it.o
                0x080007cc                SVC_Handler
 .text.DebugMon_Handler
                0x080007d8        0xc ./Core/Src/stm32l1xx_it.o
                0x080007d8                DebugMon_Handler
 .text.PendSV_Handler
                0x080007e4        0xc ./Core/Src/stm32l1xx_it.o
                0x080007e4                PendSV_Handler
 .text.SysTick_Handler
                0x080007f0        0xc ./Core/Src/stm32l1xx_it.o
                0x080007f0                SysTick_Handler
 .text.TIM2_IRQHandler
                0x080007fc       0x44 ./Core/Src/stm32l1xx_it.o
                0x080007fc                TIM2_IRQHandler
 .text.SystemInit
                0x08000840        0xc ./Core/Src/system_stm32l1xx.o
                0x08000840                SystemInit
 .text.Reset_Handler
                0x0800084c       0x48 ./Core/Startup/startup_stm32l152rctx.o
                0x0800084c                Reset_Handler
 .text.Default_Handler
                0x08000894        0x2 ./Core/Startup/startup_stm32l152rctx.o
                0x08000894                RTC_Alarm_IRQHandler
                0x08000894                EXTI2_IRQHandler
                0x08000894                COMP_ACQ_IRQHandler
                0x08000894                TIM10_IRQHandler
                0x08000894                USB_HP_IRQHandler
                0x08000894                TIM6_IRQHandler
                0x08000894                PVD_IRQHandler
                0x08000894                EXTI3_IRQHandler
                0x08000894                EXTI0_IRQHandler
                0x08000894                I2C2_EV_IRQHandler
                0x08000894                SPI1_IRQHandler
                0x08000894                USB_FS_WKUP_IRQHandler
                0x08000894                DMA2_Channel2_IRQHandler
                0x08000894                DMA1_Channel4_IRQHandler
                0x08000894                ADC1_IRQHandler
                0x08000894                USART3_IRQHandler
                0x08000894                DMA1_Channel7_IRQHandler
                0x08000894                LCD_IRQHandler
                0x08000894                TIM4_IRQHandler
                0x08000894                DMA2_Channel1_IRQHandler
                0x08000894                I2C1_EV_IRQHandler
                0x08000894                DMA1_Channel6_IRQHandler
                0x08000894                DMA2_Channel4_IRQHandler
                0x08000894                TIM3_IRQHandler
                0x08000894                RCC_IRQHandler
                0x08000894                DMA1_Channel1_IRQHandler
                0x08000894                Default_Handler
                0x08000894                EXTI15_10_IRQHandler
                0x08000894                TIM7_IRQHandler
                0x08000894                TIM5_IRQHandler
                0x08000894                EXTI9_5_IRQHandler
                0x08000894                TIM9_IRQHandler
                0x08000894                TAMPER_STAMP_IRQHandler
                0x08000894                RTC_WKUP_IRQHandler
                0x08000894                SPI2_IRQHandler
                0x08000894                DMA2_Channel5_IRQHandler
                0x08000894                DMA1_Channel5_IRQHandler
                0x08000894                USB_LP_IRQHandler
                0x08000894                EXTI4_IRQHandler
                0x08000894                DMA1_Channel3_IRQHandler
                0x08000894                COMP_IRQHandler
                0x08000894                WWDG_IRQHandler
                0x08000894                DAC_IRQHandler
                0x08000894                EXTI1_IRQHandler
                0x08000894                TIM11_IRQHandler
                0x08000894                USART2_IRQHandler
                0x08000894                I2C2_ER_IRQHandler
                0x08000894                DMA1_Channel2_IRQHandler
                0x08000894                FLASH_IRQHandler
                0x08000894                USART1_IRQHandler
                0x08000894                SPI3_IRQHandler
                0x08000894                I2C1_ER_IRQHandler
                0x08000894                DMA2_Channel3_IRQHandler
 .text.HAL_Init
                0x08000896       0x30 ./Drivers/STM32L1xx_HAL_Driver/Src/stm32l1xx_hal.o
                0x08000896                HAL_Init
 *fill*         0x080008c6        0x2 
 .text.HAL_InitTick
                0x080008c8       0x74 ./Drivers/STM32L1xx_HAL_Driver/Src/stm32l1xx_hal.o
                0x080008c8                HAL_InitTick
 .text.HAL_IncTick
                0x0800093c       0x24 ./Drivers/STM32L1xx_HAL_Driver/Src/stm32l1xx_hal.o
                0x0800093c                HAL_IncTick
 .text.HAL_GetTick
                0x08000960       0x14 ./Drivers/STM32L1xx_HAL_Driver/Src/stm32l1xx_hal.o
                0x08000960                HAL_GetTick
 .text.__NVIC_SetPriorityGrouping
                0x08000974       0x48 ./Drivers/STM32L1xx_HAL_Driver/Src/stm32l1xx_hal_cortex.o
 .text.__NVIC_GetPriorityGrouping
                0x080009bc       0x1c ./Drivers/STM32L1xx_HAL_Driver/Src/stm32l1xx_hal_cortex.o
 .text.__NVIC_EnableIRQ
                0x080009d8       0x38 ./Drivers/STM32L1xx_HAL_Driver/Src/stm32l1xx_hal_cortex.o
 .text.__NVIC_SetPriority
                0x08000a10       0x54 ./Drivers/STM32L1xx_HAL_Driver/Src/stm32l1xx_hal_cortex.o
 .text.NVIC_EncodePriority
                0x08000a64       0x64 ./Drivers/STM32L1xx_HAL_Driver/Src/stm32l1xx_hal_cortex.o
 .text.SysTick_Config
                0x08000ac8       0x44 ./Drivers/STM32L1xx_HAL_Driver/Src/stm32l1xx_hal_cortex.o
 .text.HAL_NVIC_SetPriorityGrouping
                0x08000b0c       0x16 ./Drivers/STM32L1xx_HAL_Driver/Src/stm32l1xx_hal_cortex.o
                0x08000b0c                HAL_NVIC_SetPriorityGrouping
 .text.HAL_NVIC_SetPriority
                0x08000b22       0x38 ./Drivers/STM32L1xx_HAL_Driver/Src/stm32l1xx_hal_cortex.o
                0x08000b22                HAL_NVIC_SetPriority
 .text.HAL_NVIC_EnableIRQ
                0x08000b5a       0x1c ./Drivers/STM32L1xx_HAL_Driver/Src/stm32l1xx_hal_cortex.o
                0x08000b5a                HAL_NVIC_EnableIRQ
 .text.HAL_SYSTICK_Config
                0x08000b76       0x18 ./Drivers/STM32L1xx_HAL_Driver/Src/stm32l1xx_hal_cortex.o
                0x08000b76                HAL_SYSTICK_Config
 *fill*         0x08000b8e        0x2 
 .text.HAL_GPIO_Init
                0x08000b90      0x300 ./Drivers/STM32L1xx_HAL_Driver/Src/stm32l1xx_hal_gpio.o
                0x08000b90                HAL_GPIO_Init
 .text.HAL_GPIO_WritePin
                0x08000e90       0x30 ./Drivers/STM32L1xx_HAL_Driver/Src/stm32l1xx_hal_gpio.o
                0x08000e90                HAL_GPIO_WritePin
 .text.HAL_RCC_OscConfig
                0x08000ec0      0x660 ./Drivers/STM32L1xx_HAL_Driver/Src/stm32l1xx_hal_rcc.o
                0x08000ec0                HAL_RCC_OscConfig
 .text.HAL_RCC_ClockConfig
                0x08001520      0x268 ./Drivers/STM32L1xx_HAL_Driver/Src/stm32l1xx_hal_rcc.o
                0x08001520                HAL_RCC_ClockConfig
 .text.HAL_RCC_GetSysClockFreq
                0x08001788      0x17c ./Drivers/STM32L1xx_HAL_Driver/Src/stm32l1xx_hal_rcc.o
                0x08001788                HAL_RCC_GetSysClockFreq
 .text.RCC_SetFlashLatencyFromMSIRange
                0x08001904       0xc0 ./Drivers/STM32L1xx_HAL_Driver/Src/stm32l1xx_hal_rcc.o
 .text.HAL_TIM_Base_Init
                0x080019c4       0x7e ./Drivers/STM32L1xx_HAL_Driver/Src/stm32l1xx_hal_tim.o
                0x080019c4                HAL_TIM_Base_Init
 *fill*         0x08001a42        0x2 
 .text.HAL_TIM_Base_Start_IT
                0x08001a44       0xa4 ./Drivers/STM32L1xx_HAL_Driver/Src/stm32l1xx_hal_tim.o
                0x08001a44                HAL_TIM_Base_Start_IT
 .text.HAL_TIM_PWM_Init
                0x08001ae8       0x7e ./Drivers/STM32L1xx_HAL_Driver/Src/stm32l1xx_hal_tim.o
                0x08001ae8                HAL_TIM_PWM_Init
 .text.HAL_TIM_PWM_MspInit
                0x08001b66       0x12 ./Drivers/STM32L1xx_HAL_Driver/Src/stm32l1xx_hal_tim.o
                0x08001b66                HAL_TIM_PWM_MspInit
 .text.HAL_TIM_PWM_Start
                0x08001b78      0x12c ./Drivers/STM32L1xx_HAL_Driver/Src/stm32l1xx_hal_tim.o
                0x08001b78                HAL_TIM_PWM_Start
 .text.HAL_TIM_IRQHandler
                0x08001ca4      0x1b8 ./Drivers/STM32L1xx_HAL_Driver/Src/stm32l1xx_hal_tim.o
                0x08001ca4                HAL_TIM_IRQHandler
 .text.HAL_TIM_PWM_ConfigChannel
                0x08001e5c      0x184 ./Drivers/STM32L1xx_HAL_Driver/Src/stm32l1xx_hal_tim.o
                0x08001e5c                HAL_TIM_PWM_ConfigChannel
 .text.HAL_TIM_ConfigClockSource
                0x08001fe0      0x18e ./Drivers/STM32L1xx_HAL_Driver/Src/stm32l1xx_hal_tim.o
                0x08001fe0                HAL_TIM_ConfigClockSource
 .text.HAL_TIM_PeriodElapsedCallback
                0x0800216e       0x12 ./Drivers/STM32L1xx_HAL_Driver/Src/stm32l1xx_hal_tim.o
                0x0800216e                HAL_TIM_PeriodElapsedCallback
 .text.HAL_TIM_OC_DelayElapsedCallback
                0x08002180       0x12 ./Drivers/STM32L1xx_HAL_Driver/Src/stm32l1xx_hal_tim.o
                0x08002180                HAL_TIM_OC_DelayElapsedCallback
 .text.HAL_TIM_IC_CaptureCallback
                0x08002192       0x12 ./Drivers/STM32L1xx_HAL_Driver/Src/stm32l1xx_hal_tim.o
                0x08002192                HAL_TIM_IC_CaptureCallback
 .text.HAL_TIM_PWM_PulseFinishedCallback
                0x080021a4       0x12 ./Drivers/STM32L1xx_HAL_Driver/Src/stm32l1xx_hal_tim.o
                0x080021a4                HAL_TIM_PWM_PulseFinishedCallback
 .text.HAL_TIM_TriggerCallback
                0x080021b6       0x12 ./Drivers/STM32L1xx_HAL_Driver/Src/stm32l1xx_hal_tim.o
                0x080021b6                HAL_TIM_TriggerCallback
 .text.TIM_Base_SetConfig
                0x080021c8       0xe0 ./Drivers/STM32L1xx_HAL_Driver/Src/stm32l1xx_hal_tim.o
 .text.TIM_OC1_SetConfig
                0x080022a8       0x78 ./Drivers/STM32L1xx_HAL_Driver/Src/stm32l1xx_hal_tim.o
 .text.TIM_OC2_SetConfig
                0x08002320       0x7c ./Drivers/STM32L1xx_HAL_Driver/Src/stm32l1xx_hal_tim.o
 .text.TIM_OC3_SetConfig
                0x0800239c       0x7a ./Drivers/STM32L1xx_HAL_Driver/Src/stm32l1xx_hal_tim.o
 .text.TIM_OC4_SetConfig
                0x08002416       0x7c ./Drivers/STM32L1xx_HAL_Driver/Src/stm32l1xx_hal_tim.o
 .text.TIM_TI1_ConfigInputStage
                0x08002492       0x5c ./Drivers/STM32L1xx_HAL_Driver/Src/stm32l1xx_hal_tim.o
 .text.TIM_TI2_ConfigInputStage
                0x080024ee       0x5e ./Drivers/STM32L1xx_HAL_Driver/Src/stm32l1xx_hal_tim.o
 .text.TIM_ITRx_SetConfig
                0x0800254c       0x34 ./Drivers/STM32L1xx_HAL_Driver/Src/stm32l1xx_hal_tim.o
 .text.TIM_ETR_SetConfig
                0x08002580       0x3e ./Drivers/STM32L1xx_HAL_Driver/Src/stm32l1xx_hal_tim.o
 .text.TIM_CCxChannelCmd
                0x080025be       0x48 ./Drivers/STM32L1xx_HAL_Driver/Src/stm32l1xx_hal_tim.o
 *fill*         0x08002606        0x2 
 .text.HAL_TIMEx_MasterConfigSynchronization
                0x08002608       0xbc ./Drivers/STM32L1xx_HAL_Driver/Src/stm32l1xx_hal_tim_ex.o
                0x08002608                HAL_TIMEx_MasterConfigSynchronization
 .text.memset   0x080026c4       0x10 /home/han/st/stm32cubeide_1.16.0_3/plugins/com.st.stm32cube.ide.mcu.externaltools.gnu-tools-for-stm32.12.3.rel1.linux64_1.0.200.202406132123/tools/bin/../lib/gcc/arm-none-eabi/12.3.1/../../../../arm-none-eabi/lib/thumb/v7-m/nofp/libc_nano.a(libc_a-memset.o)
                0x080026c4                memset
 .text.__libc_init_array
                0x080026d4       0x48 /home/han/st/stm32cubeide_1.16.0_3/plugins/com.st.stm32cube.ide.mcu.externaltools.gnu-tools-for-stm32.12.3.rel1.linux64_1.0.200.202406132123/tools/bin/../lib/gcc/arm-none-eabi/12.3.1/../../../../arm-none-eabi/lib/thumb/v7-m/nofp/libc_nano.a(libc_a-init.o)
                0x080026d4                __libc_init_array
 *(.glue_7)
 .glue_7        0x0800271c        0x0 linker stubs
 *(.glue_7t)
 .glue_7t       0x0800271c        0x0 linker stubs
 *(.eh_frame)
 .eh_frame      0x0800271c        0x0 /home/han/st/stm32cubeide_1.16.0_3/plugins/com.st.stm32cube.ide.mcu.externaltools.gnu-tools-for-stm32.12.3.rel1.linux64_1.0.200.202406132123/tools/bin/../lib/gcc/arm-none-eabi/12.3.1/thumb/v7-m/nofp/crtbegin.o
 *(.init)
 .init          0x0800271c        0x4 /home/han/st/stm32cubeide_1.16.0_3/plugins/com.st.stm32cube.ide.mcu.externaltools.gnu-tools-for-stm32.12.3.rel1.linux64_1.0.200.202406132123/tools/bin/../lib/gcc/arm-none-eabi/12.3.1/thumb/v7-m/nofp/crti.o
                0x0800271c                _init
 .init          0x08002720        0x8 /home/han/st/stm32cubeide_1.16.0_3/plugins/com.st.stm32cube.ide.mcu.externaltools.gnu-tools-for-stm32.12.3.rel1.linux64_1.0.200.202406132123/tools/bin/../lib/gcc/arm-none-eabi/12.3.1/thumb/v7-m/nofp/crtn.o
 *(.fini)
 .fini          0x08002728        0x4 /home/han/st/stm32cubeide_1.16.0_3/plugins/com.st.stm32cube.ide.mcu.externaltools.gnu-tools-for-stm32.12.3.rel1.linux64_1.0.200.202406132123/tools/bin/../lib/gcc/arm-none-eabi/12.3.1/thumb/v7-m/nofp/crti.o
                0x08002728                _fini
 .fini          0x0800272c        0x8 /home/han/st/stm32cubeide_1.16.0_3/plugins/com.st.stm32cube.ide.mcu.externaltools.gnu-tools-for-stm32.12.3.rel1.linux64_1.0.200.202406132123/tools/bin/../lib/gcc/arm-none-eabi/12.3.1/thumb/v7-m/nofp/crtn.o
                0x08002734                        . = ALIGN (0x4)
                0x08002734                        _etext = .

.vfp11_veneer   0x08002734        0x0
 .vfp11_veneer  0x08002734        0x0 linker stubs

.v4_bx          0x08002734        0x0
 .v4_bx         0x08002734        0x0 linker stubs

.iplt           0x08002734        0x0
 .iplt          0x08002734        0x0 /home/han/st/stm32cubeide_1.16.0_3/plugins/com.st.stm32cube.ide.mcu.externaltools.gnu-tools-for-stm32.12.3.rel1.linux64_1.0.200.202406132123/tools/bin/../lib/gcc/arm-none-eabi/12.3.1/thumb/v7-m/nofp/crtbegin.o

.rodata         0x08002734       0x1c
                0x08002734                        . = ALIGN (0x4)
 *(.rodata)
 *(.rodata*)
 .rodata.PLLMulTable
                0x08002734        0x9 ./Core/Src/system_stm32l1xx.o
                0x08002734                PLLMulTable
 *fill*         0x0800273d        0x3 
 .rodata.AHBPrescTable
                0x08002740       0x10 ./Core/Src/system_stm32l1xx.o
                0x08002740                AHBPrescTable
                0x08002750                        . = ALIGN (0x4)

.ARM.extab      0x08002750        0x0
                0x08002750                        . = ALIGN (0x4)
 *(.ARM.extab* .gnu.linkonce.armextab.*)
                0x08002750                        . = ALIGN (0x4)

.ARM            0x08002750        0x8
                0x08002750                        . = ALIGN (0x4)
                0x08002750                        __exidx_start = .
 *(.ARM.exidx*)
 .ARM.exidx     0x08002750        0x8 /home/han/st/stm32cubeide_1.16.0_3/plugins/com.st.stm32cube.ide.mcu.externaltools.gnu-tools-for-stm32.12.3.rel1.linux64_1.0.200.202406132123/tools/bin/../lib/gcc/arm-none-eabi/12.3.1/thumb/v7-m/nofp/libgcc.a(_udivmoddi4.o)
                0x08002758                        __exidx_end = .
                0x08002758                        . = ALIGN (0x4)

.preinit_array  0x08002758        0x0
                0x08002758                        . = ALIGN (0x4)
                0x08002758                        PROVIDE (__preinit_array_start = .)
 *(.preinit_array*)
                0x08002758                        PROVIDE (__preinit_array_end = .)
                0x08002758                        . = ALIGN (0x4)

.init_array     0x08002758        0x4
                0x08002758                        . = ALIGN (0x4)
                0x08002758                        PROVIDE (__init_array_start = .)
 *(SORT_BY_NAME(.init_array.*))
 *(.init_array*)
 .init_array    0x08002758        0x4 /home/han/st/stm32cubeide_1.16.0_3/plugins/com.st.stm32cube.ide.mcu.externaltools.gnu-tools-for-stm32.12.3.rel1.linux64_1.0.200.202406132123/tools/bin/../lib/gcc/arm-none-eabi/12.3.1/thumb/v7-m/nofp/crtbegin.o
                0x0800275c                        PROVIDE (__init_array_end = .)
                0x0800275c                        . = ALIGN (0x4)

.fini_array     0x0800275c        0x4
                0x0800275c                        . = ALIGN (0x4)
                [!provide]                        PROVIDE (__fini_array_start = .)
 *(SORT_BY_NAME(.fini_array.*))
 *(.fini_array*)
 .fini_array    0x0800275c        0x4 /home/han/st/stm32cubeide_1.16.0_3/plugins/com.st.stm32cube.ide.mcu.externaltools.gnu-tools-for-stm32.12.3.rel1.linux64_1.0.200.202406132123/tools/bin/../lib/gcc/arm-none-eabi/12.3.1/thumb/v7-m/nofp/crtbegin.o
                [!provide]                        PROVIDE (__fini_array_end = .)
                0x08002760                        . = ALIGN (0x4)
                0x08002760                        _sidata = LOADADDR (.data)

.rel.dyn        0x08002760        0x0
 .rel.iplt      0x08002760        0x0 /home/han/st/stm32cubeide_1.16.0_3/plugins/com.st.stm32cube.ide.mcu.externaltools.gnu-tools-for-stm32.12.3.rel1.linux64_1.0.200.202406132123/tools/bin/../lib/gcc/arm-none-eabi/12.3.1/thumb/v7-m/nofp/crtbegin.o

.data           0x20000000        0xc load address 0x08002760
                0x20000000                        . = ALIGN (0x4)
                0x20000000                        _sdata = .
 *(.data)
 *(.data*)
 .data.SystemCoreClock
                0x20000000        0x4 ./Core/Src/system_stm32l1xx.o
                0x20000000                SystemCoreClock
 .data.uwTickPrio
                0x20000004        0x4 ./Drivers/STM32L1xx_HAL_Driver/Src/stm32l1xx_hal.o
                0x20000004                uwTickPrio
 .data.uwTickFreq
                0x20000008        0x4 ./Drivers/STM32L1xx_HAL_Driver/Src/stm32l1xx_hal.o
                0x20000008                uwTickFreq
 *(.RamFunc)
 *(.RamFunc*)
                0x2000000c                        . = ALIGN (0x4)
                0x2000000c                        _edata = .

.igot.plt       0x2000000c        0x0 load address 0x0800276c
 .igot.plt      0x2000000c        0x0 /home/han/st/stm32cubeide_1.16.0_3/plugins/com.st.stm32cube.ide.mcu.externaltools.gnu-tools-for-stm32.12.3.rel1.linux64_1.0.200.202406132123/tools/bin/../lib/gcc/arm-none-eabi/12.3.1/thumb/v7-m/nofp/crtbegin.o
                0x2000000c                        . = ALIGN (0x4)

.bss            0x2000000c       0x64 load address 0x0800276c
                0x2000000c                        _sbss = .
                0x2000000c                        __bss_start__ = _sbss
 *(.bss)
 .bss           0x2000000c       0x1c /home/han/st/stm32cubeide_1.16.0_3/plugins/com.st.stm32cube.ide.mcu.externaltools.gnu-tools-for-stm32.12.3.rel1.linux64_1.0.200.202406132123/tools/bin/../lib/gcc/arm-none-eabi/12.3.1/thumb/v7-m/nofp/crtbegin.o
 *(.bss*)
 .bss.htim2     0x20000028       0x40 ./Core/Src/main.o
                0x20000028                htim2
 .bss.open.0    0x20000068        0x1 ./Core/Src/stm32l1xx_it.o
 *fill*         0x20000069        0x3 
 .bss.uwTick    0x2000006c        0x4 ./Drivers/STM32L1xx_HAL_Driver/Src/stm32l1xx_hal.o
                0x2000006c                uwTick
 *(COMMON)
                0x20000070                        . = ALIGN (0x4)
                0x20000070                        _ebss = .
                0x20000070                        __bss_end__ = _ebss

._user_heap_stack
                0x20000070      0x600 load address 0x0800276c
                0x20000070                        . = ALIGN (0x8)
                [!provide]                        PROVIDE (end = .)
                0x20000070                        PROVIDE (_end = .)
                0x20000270                        . = (. + _Min_Heap_Size)
 *fill*         0x20000070      0x200 
                0x20000670                        . = (. + _Min_Stack_Size)
 *fill*         0x20000270      0x400 
                0x20000670                        . = ALIGN (0x8)

/DISCARD/
 libc.a(*)
 libm.a(*)
 libgcc.a(*)

.ARM.attributes
                0x00000000       0x29
 *(.ARM.attributes)
 .ARM.attributes
                0x00000000       0x1d /home/han/st/stm32cubeide_1.16.0_3/plugins/com.st.stm32cube.ide.mcu.externaltools.gnu-tools-for-stm32.12.3.rel1.linux64_1.0.200.202406132123/tools/bin/../lib/gcc/arm-none-eabi/12.3.1/thumb/v7-m/nofp/crti.o
 .ARM.attributes
                0x0000001d       0x2d /home/han/st/stm32cubeide_1.16.0_3/plugins/com.st.stm32cube.ide.mcu.externaltools.gnu-tools-for-stm32.12.3.rel1.linux64_1.0.200.202406132123/tools/bin/../lib/gcc/arm-none-eabi/12.3.1/thumb/v7-m/nofp/crtbegin.o
 .ARM.attributes
                0x0000004a       0x2d ./Core/Src/main.o
 .ARM.attributes
                0x00000077       0x2d ./Core/Src/stm32l1xx_hal_msp.o
 .ARM.attributes
                0x000000a4       0x2d ./Core/Src/stm32l1xx_it.o
 .ARM.attributes
                0x000000d1       0x2d ./Core/Src/system_stm32l1xx.o
 .ARM.attributes
                0x000000fe       0x21 ./Core/Startup/startup_stm32l152rctx.o
 .ARM.attributes
                0x0000011f       0x2d ./Drivers/STM32L1xx_HAL_Driver/Src/stm32l1xx_hal.o
 .ARM.attributes
                0x0000014c       0x2d ./Drivers/STM32L1xx_HAL_Driver/Src/stm32l1xx_hal_cortex.o
 .ARM.attributes
                0x00000179       0x2d ./Drivers/STM32L1xx_HAL_Driver/Src/stm32l1xx_hal_gpio.o
 .ARM.attributes
                0x000001a6       0x2d ./Drivers/STM32L1xx_HAL_Driver/Src/stm32l1xx_hal_rcc.o
 .ARM.attributes
                0x000001d3       0x2d ./Drivers/STM32L1xx_HAL_Driver/Src/stm32l1xx_hal_tim.o
 .ARM.attributes
                0x00000200       0x2d ./Drivers/STM32L1xx_HAL_Driver/Src/stm32l1xx_hal_tim_ex.o
 .ARM.attributes
                0x0000022d       0x2d /home/han/st/stm32cubeide_1.16.0_3/plugins/com.st.stm32cube.ide.mcu.externaltools.gnu-tools-for-stm32.12.3.rel1.linux64_1.0.200.202406132123/tools/bin/../lib/gcc/arm-none-eabi/12.3.1/../../../../arm-none-eabi/lib/thumb/v7-m/nofp/libc_nano.a(libc_a-memset.o)
 .ARM.attributes
                0x0000025a       0x2d /home/han/st/stm32cubeide_1.16.0_3/plugins/com.st.stm32cube.ide.mcu.externaltools.gnu-tools-for-stm32.12.3.rel1.linux64_1.0.200.202406132123/tools/bin/../lib/gcc/arm-none-eabi/12.3.1/../../../../arm-none-eabi/lib/thumb/v7-m/nofp/libc_nano.a(libc_a-init.o)
 .ARM.attributes
                0x00000287       0x1d /home/han/st/stm32cubeide_1.16.0_3/plugins/com.st.stm32cube.ide.mcu.externaltools.gnu-tools-for-stm32.12.3.rel1.linux64_1.0.200.202406132123/tools/bin/../lib/gcc/arm-none-eabi/12.3.1/thumb/v7-m/nofp/libgcc.a(_aeabi_uldivmod.o)
 .ARM.attributes
                0x000002a4       0x2d /home/han/st/stm32cubeide_1.16.0_3/plugins/com.st.stm32cube.ide.mcu.externaltools.gnu-tools-for-stm32.12.3.rel1.linux64_1.0.200.202406132123/tools/bin/../lib/gcc/arm-none-eabi/12.3.1/thumb/v7-m/nofp/libgcc.a(_udivmoddi4.o)
 .ARM.attributes
                0x000002d1       0x1d /home/han/st/stm32cubeide_1.16.0_3/plugins/com.st.stm32cube.ide.mcu.externaltools.gnu-tools-for-stm32.12.3.rel1.linux64_1.0.200.202406132123/tools/bin/../lib/gcc/arm-none-eabi/12.3.1/thumb/v7-m/nofp/libgcc.a(_dvmd_tls.o)
 .ARM.attributes
                0x000002ee       0x1d /home/han/st/stm32cubeide_1.16.0_3/plugins/com.st.stm32cube.ide.mcu.externaltools.gnu-tools-for-stm32.12.3.rel1.linux64_1.0.200.202406132123/tools/bin/../lib/gcc/arm-none-eabi/12.3.1/thumb/v7-m/nofp/crtn.o
OUTPUT(lcd.elf elf32-littlearm)
LOAD linker stubs
LOAD /home/han/st/stm32cubeide_1.16.0_3/plugins/com.st.stm32cube.ide.mcu.externaltools.gnu-tools-for-stm32.12.3.rel1.linux64_1.0.200.202406132123/tools/bin/../lib/gcc/arm-none-eabi/12.3.1/../../../../arm-none-eabi/lib/thumb/v7-m/nofp/libc.a
LOAD /home/han/st/stm32cubeide_1.16.0_3/plugins/com.st.stm32cube.ide.mcu.externaltools.gnu-tools-for-stm32.12.3.rel1.linux64_1.0.200.202406132123/tools/bin/../lib/gcc/arm-none-eabi/12.3.1/../../../../arm-none-eabi/lib/thumb/v7-m/nofp/libm.a
LOAD /home/han/st/stm32cubeide_1.16.0_3/plugins/com.st.stm32cube.ide.mcu.externaltools.gnu-tools-for-stm32.12.3.rel1.linux64_1.0.200.202406132123/tools/bin/../lib/gcc/arm-none-eabi/12.3.1/thumb/v7-m/nofp/libgcc.a

.debug_info     0x00000000     0x72f4
 .debug_info    0x00000000      0xccf ./Core/Src/main.o
 .debug_info    0x00000ccf      0xab6 ./Core/Src/stm32l1xx_hal_msp.o
 .debug_info    0x00001785      0x7d8 ./Core/Src/stm32l1xx_it.o
 .debug_info    0x00001f5d      0x27c ./Core/Src/system_stm32l1xx.o
 .debug_info    0x000021d9       0x30 ./Core/Startup/startup_stm32l152rctx.o
 .debug_info    0x00002209      0x6e3 ./Drivers/STM32L1xx_HAL_Driver/Src/stm32l1xx_hal.o
 .debug_info    0x000028ec      0xca4 ./Drivers/STM32L1xx_HAL_Driver/Src/stm32l1xx_hal_cortex.o
 .debug_info    0x00003590      0x5a6 ./Drivers/STM32L1xx_HAL_Driver/Src/stm32l1xx_hal_gpio.o
 .debug_info    0x00003b36      0x967 ./Drivers/STM32L1xx_HAL_Driver/Src/stm32l1xx_hal_rcc.o
 .debug_info    0x0000449d     0x27af ./Drivers/STM32L1xx_HAL_Driver/Src/stm32l1xx_hal_tim.o
 .debug_info    0x00006c4c      0x6a8 ./Drivers/STM32L1xx_HAL_Driver/Src/stm32l1xx_hal_tim_ex.o

.debug_abbrev   0x00000000     0x1540
 .debug_abbrev  0x00000000      0x26b ./Core/Src/main.o
 .debug_abbrev  0x0000026b      0x1ba ./Core/Src/stm32l1xx_hal_msp.o
 .debug_abbrev  0x00000425      0x1cb ./Core/Src/stm32l1xx_it.o
 .debug_abbrev  0x000005f0      0x11c ./Core/Src/system_stm32l1xx.o
 .debug_abbrev  0x0000070c       0x24 ./Core/Startup/startup_stm32l152rctx.o
 .debug_abbrev  0x00000730      0x275 ./Drivers/STM32L1xx_HAL_Driver/Src/stm32l1xx_hal.o
 .debug_abbrev  0x000009a5      0x327 ./Drivers/STM32L1xx_HAL_Driver/Src/stm32l1xx_hal_cortex.o
 .debug_abbrev  0x00000ccc      0x1d4 ./Drivers/STM32L1xx_HAL_Driver/Src/stm32l1xx_hal_gpio.o
 .debug_abbrev  0x00000ea0      0x2b8 ./Drivers/STM32L1xx_HAL_Driver/Src/stm32l1xx_hal_rcc.o
 .debug_abbrev  0x00001158      0x26f ./Drivers/STM32L1xx_HAL_Driver/Src/stm32l1xx_hal_tim.o
 .debug_abbrev  0x000013c7      0x179 ./Drivers/STM32L1xx_HAL_Driver/Src/stm32l1xx_hal_tim_ex.o

.debug_aranges  0x00000000      0x810
 .debug_aranges
                0x00000000       0x40 ./Core/Src/main.o
 .debug_aranges
                0x00000040       0x38 ./Core/Src/stm32l1xx_hal_msp.o
 .debug_aranges
                0x00000078       0x70 ./Core/Src/stm32l1xx_it.o
 .debug_aranges
                0x000000e8       0x28 ./Core/Src/system_stm32l1xx.o
 .debug_aranges
                0x00000110       0x28 ./Core/Startup/startup_stm32l152rctx.o
 .debug_aranges
                0x00000138       0xe0 ./Drivers/STM32L1xx_HAL_Driver/Src/stm32l1xx_hal.o
 .debug_aranges
                0x00000218      0x118 ./Drivers/STM32L1xx_HAL_Driver/Src/stm32l1xx_hal_cortex.o
 .debug_aranges
                0x00000330       0x58 ./Drivers/STM32L1xx_HAL_Driver/Src/stm32l1xx_hal_gpio.o
 .debug_aranges
                0x00000388       0x90 ./Drivers/STM32L1xx_HAL_Driver/Src/stm32l1xx_hal_rcc.o
 .debug_aranges
                0x00000418      0x3d0 ./Drivers/STM32L1xx_HAL_Driver/Src/stm32l1xx_hal_tim.o
 .debug_aranges
                0x000007e8       0x28 ./Drivers/STM32L1xx_HAL_Driver/Src/stm32l1xx_hal_tim_ex.o

.debug_rnglists
                0x00000000      0x612
 .debug_rnglists
                0x00000000       0x2d ./Core/Src/main.o
 .debug_rnglists
                0x0000002d       0x25 ./Core/Src/stm32l1xx_hal_msp.o
 .debug_rnglists
                0x00000052       0x4f ./Core/Src/stm32l1xx_it.o
 .debug_rnglists
                0x000000a1       0x1a ./Core/Src/system_stm32l1xx.o
 .debug_rnglists
                0x000000bb       0x19 ./Core/Startup/startup_stm32l152rctx.o
 .debug_rnglists
                0x000000d4       0xa3 ./Drivers/STM32L1xx_HAL_Driver/Src/stm32l1xx_hal.o
 .debug_rnglists
                0x00000177       0xce ./Drivers/STM32L1xx_HAL_Driver/Src/stm32l1xx_hal_cortex.o
 .debug_rnglists
                0x00000245       0x3f ./Drivers/STM32L1xx_HAL_Driver/Src/stm32l1xx_hal_gpio.o
 .debug_rnglists
                0x00000284       0x6d ./Drivers/STM32L1xx_HAL_Driver/Src/stm32l1xx_hal_rcc.o
 .debug_rnglists
                0x000002f1      0x307 ./Drivers/STM32L1xx_HAL_Driver/Src/stm32l1xx_hal_tim.o
 .debug_rnglists
                0x000005f8       0x1a ./Drivers/STM32L1xx_HAL_Driver/Src/stm32l1xx_hal_tim_ex.o

.debug_macro    0x00000000    0x147dd
 .debug_macro   0x00000000      0x1af ./Core/Src/main.o
 .debug_macro   0x000001af      0xaa8 ./Core/Src/main.o
 .debug_macro   0x00000c57      0x109 ./Core/Src/main.o
 .debug_macro   0x00000d60       0x2e ./Core/Src/main.o
 .debug_macro   0x00000d8e       0x22 ./Core/Src/main.o
 .debug_macro   0x00000db0       0x22 ./Core/Src/main.o
 .debug_macro   0x00000dd2       0x8e ./Core/Src/main.o
 .debug_macro   0x00000e60       0x51 ./Core/Src/main.o
 .debug_macro   0x00000eb1      0x103 ./Core/Src/main.o
 .debug_macro   0x00000fb4       0x6a ./Core/Src/main.o
 .debug_macro   0x0000101e      0x1df ./Core/Src/main.o
 .debug_macro   0x000011fd       0x1c ./Core/Src/main.o
 .debug_macro   0x00001219       0x22 ./Core/Src/main.o
 .debug_macro   0x0000123b       0xbd ./Core/Src/main.o
 .debug_macro   0x000012f8      0xe49 ./Core/Src/main.o
 .debug_macro   0x00002141      0x11f ./Core/Src/main.o
 .debug_macro   0x00002260     0xb1ce ./Core/Src/main.o
 .debug_macro   0x0000d42e       0x6d ./Core/Src/main.o
 .debug_macro   0x0000d49b     0x34cc ./Core/Src/main.o
 .debug_macro   0x00010967      0x189 ./Core/Src/main.o
 .debug_macro   0x00010af0       0x5b ./Core/Src/main.o
 .debug_macro   0x00010b4b      0xe37 ./Core/Src/main.o
 .debug_macro   0x00011982      0x243 ./Core/Src/main.o
 .debug_macro   0x00011bc5      0x1b8 ./Core/Src/main.o
 .debug_macro   0x00011d7d       0xb9 ./Core/Src/main.o
 .debug_macro   0x00011e36      0x21e ./Core/Src/main.o
 .debug_macro   0x00012054      0x236 ./Core/Src/main.o
 .debug_macro   0x0001228a      0x11c ./Core/Src/main.o
 .debug_macro   0x000123a6      0x56e ./Core/Src/main.o
 .debug_macro   0x00012914      0x1e9 ./Core/Src/main.o
 .debug_macro   0x00012afd       0x22 ./Core/Src/main.o
 .debug_macro   0x00012b1f      0x788 ./Core/Src/main.o
 .debug_macro   0x000132a7       0xac ./Core/Src/main.o
 .debug_macro   0x00013353      0x162 ./Core/Src/main.o
 .debug_macro   0x000134b5      0x3ff ./Core/Src/main.o
 .debug_macro   0x000138b4      0x1af ./Core/Src/stm32l1xx_hal_msp.o
 .debug_macro   0x00013a63      0x1b9 ./Core/Src/stm32l1xx_it.o
 .debug_macro   0x00013c1c      0x1a5 ./Core/Src/system_stm32l1xx.o
 .debug_macro   0x00013dc1      0x1c9 ./Drivers/STM32L1xx_HAL_Driver/Src/stm32l1xx_hal.o
 .debug_macro   0x00013f8a      0x1a5 ./Drivers/STM32L1xx_HAL_Driver/Src/stm32l1xx_hal_cortex.o
 .debug_macro   0x0001412f      0x1ac ./Drivers/STM32L1xx_HAL_Driver/Src/stm32l1xx_hal_gpio.o
 .debug_macro   0x000142db      0x1b7 ./Drivers/STM32L1xx_HAL_Driver/Src/stm32l1xx_hal_rcc.o
 .debug_macro   0x00014492      0x1a6 ./Drivers/STM32L1xx_HAL_Driver/Src/stm32l1xx_hal_tim.o
 .debug_macro   0x00014638      0x1a5 ./Drivers/STM32L1xx_HAL_Driver/Src/stm32l1xx_hal_tim_ex.o

.debug_line     0x00000000     0x8160
 .debug_line    0x00000000      0x78b ./Core/Src/main.o
 .debug_line    0x0000078b      0x6e9 ./Core/Src/stm32l1xx_hal_msp.o
 .debug_line    0x00000e74      0x785 ./Core/Src/stm32l1xx_it.o
 .debug_line    0x000015f9      0x71e ./Core/Src/system_stm32l1xx.o
 .debug_line    0x00001d17       0x79 ./Core/Startup/startup_stm32l152rctx.o
 .debug_line    0x00001d90      0x941 ./Drivers/STM32L1xx_HAL_Driver/Src/stm32l1xx_hal.o
 .debug_line    0x000026d1      0xc0c ./Drivers/STM32L1xx_HAL_Driver/Src/stm32l1xx_hal_cortex.o
 .debug_line    0x000032dd      0x991 ./Drivers/STM32L1xx_HAL_Driver/Src/stm32l1xx_hal_gpio.o
 .debug_line    0x00003c6e      0xe48 ./Drivers/STM32L1xx_HAL_Driver/Src/stm32l1xx_hal_rcc.o
 .debug_line    0x00004ab6     0x2f5a ./Drivers/STM32L1xx_HAL_Driver/Src/stm32l1xx_hal_tim.o
 .debug_line    0x00007a10      0x750 ./Drivers/STM32L1xx_HAL_Driver/Src/stm32l1xx_hal_tim_ex.o

.debug_str      0x00000000    0x82949
 .debug_str     0x00000000    0x80b71 ./Core/Src/main.o
                              0x80e77 (size before relaxing)
 .debug_str     0x00080b71      0x3fe ./Core/Src/stm32l1xx_hal_msp.o
                              0x80ea6 (size before relaxing)
 .debug_str     0x00080f6f      0x10d ./Core/Src/stm32l1xx_it.o
                              0x80b3d (size before relaxing)
 .debug_str     0x0008107c       0x99 ./Core/Src/system_stm32l1xx.o
                              0x805f7 (size before relaxing)
 .debug_str     0x00081115       0x44 ./Core/Startup/startup_stm32l152rctx.o
                                 0x6f (size before relaxing)
 .debug_str     0x00081159      0x311 ./Drivers/STM32L1xx_HAL_Driver/Src/stm32l1xx_hal.o
                              0x80d06 (size before relaxing)
 .debug_str     0x0008146a      0x3b8 ./Drivers/STM32L1xx_HAL_Driver/Src/stm32l1xx_hal_cortex.o
                              0x80de0 (size before relaxing)
 .debug_str     0x00081822      0x12b ./Drivers/STM32L1xx_HAL_Driver/Src/stm32l1xx_hal_gpio.o
                              0x8078a (size before relaxing)
 .debug_str     0x0008194d      0x275 ./Drivers/STM32L1xx_HAL_Driver/Src/stm32l1xx_hal_rcc.o
                              0x80aa7 (size before relaxing)
 .debug_str     0x00081bc2      0xd30 ./Drivers/STM32L1xx_HAL_Driver/Src/stm32l1xx_hal_tim.o
                              0x818ea (size before relaxing)
 .debug_str     0x000828f2       0x57 ./Drivers/STM32L1xx_HAL_Driver/Src/stm32l1xx_hal_tim_ex.o
                              0x80a9f (size before relaxing)

.comment        0x00000000       0x43
 .comment       0x00000000       0x43 ./Core/Src/main.o
                                 0x44 (size before relaxing)
 .comment       0x00000043       0x44 ./Core/Src/stm32l1xx_hal_msp.o
 .comment       0x00000043       0x44 ./Core/Src/stm32l1xx_it.o
 .comment       0x00000043       0x44 ./Core/Src/system_stm32l1xx.o
 .comment       0x00000043       0x44 ./Drivers/STM32L1xx_HAL_Driver/Src/stm32l1xx_hal.o
 .comment       0x00000043       0x44 ./Drivers/STM32L1xx_HAL_Driver/Src/stm32l1xx_hal_cortex.o
 .comment       0x00000043       0x44 ./Drivers/STM32L1xx_HAL_Driver/Src/stm32l1xx_hal_gpio.o
 .comment       0x00000043       0x44 ./Drivers/STM32L1xx_HAL_Driver/Src/stm32l1xx_hal_rcc.o
 .comment       0x00000043       0x44 ./Drivers/STM32L1xx_HAL_Driver/Src/stm32l1xx_hal_tim.o
 .comment       0x00000043       0x44 ./Drivers/STM32L1xx_HAL_Driver/Src/stm32l1xx_hal_tim_ex.o

.debug_frame    0x00000000     0x20ec
 .debug_frame   0x00000000       0xb0 ./Core/Src/main.o
 .debug_frame   0x000000b0       0xa4 ./Core/Src/stm32l1xx_hal_msp.o
 .debug_frame   0x00000154      0x13c ./Core/Src/stm32l1xx_it.o
 .debug_frame   0x00000290       0x58 ./Core/Src/system_stm32l1xx.o
 .debug_frame   0x000002e8      0x33c ./Drivers/STM32L1xx_HAL_Driver/Src/stm32l1xx_hal.o
 .debug_frame   0x00000624      0x498 ./Drivers/STM32L1xx_HAL_Driver/Src/stm32l1xx_hal_cortex.o
 .debug_frame   0x00000abc      0x14c ./Drivers/STM32L1xx_HAL_Driver/Src/stm32l1xx_hal_gpio.o
 .debug_frame   0x00000c08      0x224 ./Drivers/STM32L1xx_HAL_Driver/Src/stm32l1xx_hal_rcc.o
 .debug_frame   0x00000e2c     0x11b4 ./Drivers/STM32L1xx_HAL_Driver/Src/stm32l1xx_hal_tim.o
 .debug_frame   0x00001fe0       0x60 ./Drivers/STM32L1xx_HAL_Driver/Src/stm32l1xx_hal_tim_ex.o
 .debug_frame   0x00002040       0x20 /home/han/st/stm32cubeide_1.16.0_3/plugins/com.st.stm32cube.ide.mcu.externaltools.gnu-tools-for-stm32.12.3.rel1.linux64_1.0.200.202406132123/tools/bin/../lib/gcc/arm-none-eabi/12.3.1/../../../../arm-none-eabi/lib/thumb/v7-m/nofp/libc_nano.a(libc_a-memset.o)
 .debug_frame   0x00002060       0x2c /home/han/st/stm32cubeide_1.16.0_3/plugins/com.st.stm32cube.ide.mcu.externaltools.gnu-tools-for-stm32.12.3.rel1.linux64_1.0.200.202406132123/tools/bin/../lib/gcc/arm-none-eabi/12.3.1/../../../../arm-none-eabi/lib/thumb/v7-m/nofp/libc_nano.a(libc_a-init.o)
 .debug_frame   0x0000208c       0x2c /home/han/st/stm32cubeide_1.16.0_3/plugins/com.st.stm32cube.ide.mcu.externaltools.gnu-tools-for-stm32.12.3.rel1.linux64_1.0.200.202406132123/tools/bin/../lib/gcc/arm-none-eabi/12.3.1/thumb/v7-m/nofp/libgcc.a(_aeabi_uldivmod.o)
 .debug_frame   0x000020b8       0x34 /home/han/st/stm32cubeide_1.16.0_3/plugins/com.st.stm32cube.ide.mcu.externaltools.gnu-tools-for-stm32.12.3.rel1.linux64_1.0.200.202406132123/tools/bin/../lib/gcc/arm-none-eabi/12.3.1/thumb/v7-m/nofp/libgcc.a(_udivmoddi4.o)

.debug_line_str
                0x00000000       0x53
 .debug_line_str
                0x00000000       0x53 ./Core/Startup/startup_stm32l152rctx.o
