../Core/Src/game0.c:70:6:respawn_obstacle	32	static
../Core/Src/game0.c:105:6:init_obstacles	16	static
../Core/Src/game0.c:116:6:move_obstacles	40	static
../Core/Src/game0.c:145:6:move_dino	16	static
../Core/Src/game0.c:168:6:draw_ground	8	static
../Core/Src/game0.c:171:6:draw_dino	24	static
../Core/Src/game0.c:179:6:draw_obstacles	24	static
../Core/Src/game0.c:194:6:draw_score	8	static
../Core/Src/game0.c:208:6:check_collision	24	static
../Core/Src/game0.c:216:6:dino_die	8	static
../Core/Src/game0.c:224:6:dino_respawn	8	static
../Core/Src/game0.c:233:6:dino_jump	24	static
../Core/Src/game0.c:241:6:on_ready	8	static
../Core/Src/game0.c:246:6:on_update	16	static
../Core/Src/game0.c:273:6:on_button_pressed	8	static
../Core/Src/game0.c:278:6:on_button_held	16	static
../Core/Src/game0.c:283:6:on_button_released	4	static
