../Core/Src/main.c:67:10:get_tick_delta_time	16	static
../Core/Src/main.c:76:6:buzzer	8	static
../Core/Src/main.c:82:13:on_ready	4	static
../Core/Src/main.c:83:13:on_update	4	static
../Core/Src/main.c:91:5:main	16	static
../Core/Src/main.c:200:6:SystemClock_Config	72	static
../Core/Src/main.c:239:13:MX_SPI1_Init	8	static
../Core/Src/main.c:277:13:MX_TIM2_Init	64	static
../Core/Src/main.c:336:13:MX_TIM3_Init	64	static
../Core/Src/main.c:395:13:MX_GPIO_Init	40	static
../Core/Src/main.c:484:6:Error_Handler	4	static,ignoring_inline_asm
