../Core/Src/renderer.c:19:6:swap_buffers	16	static
../Core/Src/renderer.c:26:6:clear_back_buffer	8	static
../Core/Src/renderer.c:30:6:set_pixel	24	static
../Core/Src/renderer.c:40:6:set_pixel_w	32	static
../Core/Src/renderer.c:45:6:get_rgb	24	static
../Core/Src/renderer.c:52:6:render_row	24	static
../Core/Src/renderer.c:105:6:render_buffer	16	static
../Core/Src/renderer.c:129:6:draw_line	48	static
../Core/Src/renderer.c:161:6:draw_rect	40	static
../Core/Src/renderer.c:168:6:draw_Rect	48	static
../Core/Src/renderer.c:171:6:Draw_Rect	48	static
../Core/Src/renderer.c:254:6:set_pixel_w_bold	24	static
../Core/Src/renderer.c:261:6:draw_digit	32	static
../Core/Src/renderer.c:287:6:draw_number	48	static
../Core/Src/renderer.c:309:6:draw_char	32	static
../Core/Src/renderer.c:357:6:draw_text	24	static
../Core/Src/renderer.c:364:11:calculate_text_width	24	static
../Core/Src/renderer.c:376:11:calculate_number_width	24	static
