Archive member included to satisfy reference by file (symbol)

/home/han/st/stm32cubeide_1.16.0_3/plugins/com.st.stm32cube.ide.mcu.externaltools.gnu-tools-for-stm32.12.3.rel1.linux64_1.0.200.202406132123/tools/bin/../lib/gcc/arm-none-eabi/12.3.1/../../../../arm-none-eabi/lib/thumb/v7-m/nofp/libc_nano.a(libc_a-exit.o)
                              /home/han/st/stm32cubeide_1.16.0_3/plugins/com.st.stm32cube.ide.mcu.externaltools.gnu-tools-for-stm32.12.3.rel1.linux64_1.0.200.202406132123/tools/bin/../lib/gcc/arm-none-eabi/12.3.1/../../../../arm-none-eabi/lib/thumb/v7-m/nofp/crt0.o (exit)
/home/han/st/stm32cubeide_1.16.0_3/plugins/com.st.stm32cube.ide.mcu.externaltools.gnu-tools-for-stm32.12.3.rel1.linux64_1.0.200.202406132123/tools/bin/../lib/gcc/arm-none-eabi/12.3.1/../../../../arm-none-eabi/lib/thumb/v7-m/nofp/libc_nano.a(libc_a-findfp.o)
                              /home/han/st/stm32cubeide_1.16.0_3/plugins/com.st.stm32cube.ide.mcu.externaltools.gnu-tools-for-stm32.12.3.rel1.linux64_1.0.200.202406132123/tools/bin/../lib/gcc/arm-none-eabi/12.3.1/../../../../arm-none-eabi/lib/thumb/v7-m/nofp/libc_nano.a(libc_a-exit.o) (__stdio_exit_handler)
/home/han/st/stm32cubeide_1.16.0_3/plugins/com.st.stm32cube.ide.mcu.externaltools.gnu-tools-for-stm32.12.3.rel1.linux64_1.0.200.202406132123/tools/bin/../lib/gcc/arm-none-eabi/12.3.1/../../../../arm-none-eabi/lib/thumb/v7-m/nofp/libc_nano.a(libc_a-fwalk.o)
                              /home/han/st/stm32cubeide_1.16.0_3/plugins/com.st.stm32cube.ide.mcu.externaltools.gnu-tools-for-stm32.12.3.rel1.linux64_1.0.200.202406132123/tools/bin/../lib/gcc/arm-none-eabi/12.3.1/../../../../arm-none-eabi/lib/thumb/v7-m/nofp/libc_nano.a(libc_a-findfp.o) (_fwalk_sglue)
/home/han/st/stm32cubeide_1.16.0_3/plugins/com.st.stm32cube.ide.mcu.externaltools.gnu-tools-for-stm32.12.3.rel1.linux64_1.0.200.202406132123/tools/bin/../lib/gcc/arm-none-eabi/12.3.1/../../../../arm-none-eabi/lib/thumb/v7-m/nofp/libc_nano.a(libc_a-stdio.o)
                              /home/han/st/stm32cubeide_1.16.0_3/plugins/com.st.stm32cube.ide.mcu.externaltools.gnu-tools-for-stm32.12.3.rel1.linux64_1.0.200.202406132123/tools/bin/../lib/gcc/arm-none-eabi/12.3.1/../../../../arm-none-eabi/lib/thumb/v7-m/nofp/libc_nano.a(libc_a-findfp.o) (__sread)
/home/han/st/stm32cubeide_1.16.0_3/plugins/com.st.stm32cube.ide.mcu.externaltools.gnu-tools-for-stm32.12.3.rel1.linux64_1.0.200.202406132123/tools/bin/../lib/gcc/arm-none-eabi/12.3.1/../../../../arm-none-eabi/lib/thumb/v7-m/nofp/libc_nano.a(libc_a-memset.o)
                              /home/han/st/stm32cubeide_1.16.0_3/plugins/com.st.stm32cube.ide.mcu.externaltools.gnu-tools-for-stm32.12.3.rel1.linux64_1.0.200.202406132123/tools/bin/../lib/gcc/arm-none-eabi/12.3.1/../../../../arm-none-eabi/lib/thumb/v7-m/nofp/crt0.o (memset)
/home/han/st/stm32cubeide_1.16.0_3/plugins/com.st.stm32cube.ide.mcu.externaltools.gnu-tools-for-stm32.12.3.rel1.linux64_1.0.200.202406132123/tools/bin/../lib/gcc/arm-none-eabi/12.3.1/../../../../arm-none-eabi/lib/thumb/v7-m/nofp/libc_nano.a(libc_a-closer.o)
                              /home/han/st/stm32cubeide_1.16.0_3/plugins/com.st.stm32cube.ide.mcu.externaltools.gnu-tools-for-stm32.12.3.rel1.linux64_1.0.200.202406132123/tools/bin/../lib/gcc/arm-none-eabi/12.3.1/../../../../arm-none-eabi/lib/thumb/v7-m/nofp/libc_nano.a(libc_a-stdio.o) (_close_r)
/home/han/st/stm32cubeide_1.16.0_3/plugins/com.st.stm32cube.ide.mcu.externaltools.gnu-tools-for-stm32.12.3.rel1.linux64_1.0.200.202406132123/tools/bin/../lib/gcc/arm-none-eabi/12.3.1/../../../../arm-none-eabi/lib/thumb/v7-m/nofp/libc_nano.a(libc_a-reent.o)
                              /home/han/st/stm32cubeide_1.16.0_3/plugins/com.st.stm32cube.ide.mcu.externaltools.gnu-tools-for-stm32.12.3.rel1.linux64_1.0.200.202406132123/tools/bin/../lib/gcc/arm-none-eabi/12.3.1/../../../../arm-none-eabi/lib/thumb/v7-m/nofp/libc_nano.a(libc_a-closer.o) (errno)
/home/han/st/stm32cubeide_1.16.0_3/plugins/com.st.stm32cube.ide.mcu.externaltools.gnu-tools-for-stm32.12.3.rel1.linux64_1.0.200.202406132123/tools/bin/../lib/gcc/arm-none-eabi/12.3.1/../../../../arm-none-eabi/lib/thumb/v7-m/nofp/libc_nano.a(libc_a-impure.o)
                              /home/han/st/stm32cubeide_1.16.0_3/plugins/com.st.stm32cube.ide.mcu.externaltools.gnu-tools-for-stm32.12.3.rel1.linux64_1.0.200.202406132123/tools/bin/../lib/gcc/arm-none-eabi/12.3.1/../../../../arm-none-eabi/lib/thumb/v7-m/nofp/libc_nano.a(libc_a-reent.o) (_impure_ptr)
/home/han/st/stm32cubeide_1.16.0_3/plugins/com.st.stm32cube.ide.mcu.externaltools.gnu-tools-for-stm32.12.3.rel1.linux64_1.0.200.202406132123/tools/bin/../lib/gcc/arm-none-eabi/12.3.1/../../../../arm-none-eabi/lib/thumb/v7-m/nofp/libc_nano.a(libc_a-lseekr.o)
[...]
Memory Configuration

Name             Origin             Length             Attributes
RAM              0x20000000         0x00005000         xrw
FLASH            0x08000000         0x00010000         xr
*default*        0x00000000         0xffffffff

Linker script and memory map

LOAD /home/han/st/stm32cubeide_1.16.0_3/plugins/com.st.stm32cube.ide.mcu.externaltools.gnu-tools-for-stm32.12.3.rel1.linux64_1.0.200.202406132123/tools/bin/../lib/gcc/arm-none-eabi/12.3.1/thumb/v7-m/nofp/crti.o
LOAD /home/han/st/stm32cubeide_1.16.0_3/plugins/com.st.stm32cube.ide.mcu.externaltools.gnu-tools-for-stm32.12.3.rel1.linux64_1.0.200.202406132123/tools/bin/../lib/gcc/arm-none-eabi/12.3.1/thumb/v7-m/nofp/crtbegin.o
LOAD /home/han/st/stm32cubeide_1.16.0_3/plugins/com.st.stm32cube.ide.mcu.externaltools.gnu-tools-for-stm32.12.3.rel1.linux64_1.0.200.202406132123/tools/bin/../lib/gcc/arm-none-eabi/12.3.1/../../../../arm-none-eabi/lib/thumb/v7-m/nofp/crt0.o
LOAD ./Core/Src/display_string.o
LOAD ./Core/Src/display_test.o
LOAD ./Core/Src/event.o
LOAD ./Core/Src/game0.o
LOAD ./Core/Src/game_of_life.o
LOAD ./Core/Src/main.o
LOAD ./Core/Src/renderer.o
LOAD ./Core/Src/rule110.o
LOAD ./Core/Src/stm32f1xx_hal_msp.o
LOAD ./Core/Src/stm32f1xx_it.o
LOAD ./Core/Src/syscalls.o
LOAD ./Core/Src/sysmem.o
LOAD ./Core/Src/system_stm32f1xx.o
LOAD ./Core/Src/testing.o
LOAD ./Core/Startup/startup_stm32f103r8tx.o
LOAD ./Drivers/STM32F1xx_HAL_Driver/Src/stm32f1xx_hal.o
LOAD ./Drivers/STM32F1xx_HAL_Driver/Src/stm32f1xx_hal_cortex.o
LOAD ./Drivers/STM32F1xx_HAL_Driver/Src/stm32f1xx_hal_dma.o
LOAD ./Drivers/STM32F1xx_HAL_Driver/Src/stm32f1xx_hal_exti.o
LOAD ./Drivers/STM32F1xx_HAL_Driver/Src/stm32f1xx_hal_flash.o
LOAD ./Drivers/STM32F1xx_HAL_Driver/Src/stm32f1xx_hal_flash_ex.o
LOAD ./Drivers/STM32F1xx_HAL_Driver/Src/stm32f1xx_hal_gpio.o
LOAD ./Drivers/STM32F1xx_HAL_Driver/Src/stm32f1xx_hal_gpio_ex.o
LOAD ./Drivers/STM32F1xx_HAL_Driver/Src/stm32f1xx_hal_pwr.o
LOAD ./Drivers/STM32F1xx_HAL_Driver/Src/stm32f1xx_hal_rcc.o
LOAD ./Drivers/STM32F1xx_HAL_Driver/Src/stm32f1xx_hal_rcc_ex.o
LOAD ./Drivers/STM32F1xx_HAL_Driver/Src/stm32f1xx_hal_spi.o
LOAD ./Drivers/STM32F1xx_HAL_Driver/Src/stm32f1xx_hal_tim.o
LOAD ./Drivers/STM32F1xx_HAL_Driver/Src/stm32f1xx_hal_tim_ex.o
START GROUP
LOAD /home/han/st/stm32cubeide_1.16.0_3/plugins/com.st.stm32cube.ide.mcu.externaltools.gnu-tools-for-stm32.12.3.rel1.linux64_1.0.200.202406132123/tools/bin/../lib/gcc/arm-none-eabi/12.3.1/../../../../arm-none-eabi/lib/thumb/v7-m/nofp/libc_nano.a
LOAD /home/han/st/stm32cubeide_1.16.0_3/plugins/com.st.stm32cube.ide.mcu.externaltools.gnu-tools-for-stm32.12.3.rel1.linux64_1.0.200.202406132123/tools/bin/../lib/gcc/arm-none-eabi/12.3.1/../../../../arm-none-eabi/lib/thumb/v7-m/nofp/libm.a
END GROUP
START GROUP
LOAD /home/han/st/stm32cubeide_1.16.0_3/plugins/com.st.stm32cube.ide.mcu.externaltools.gnu-tools-for-stm32.12.3.rel1.linux64_1.0.200.202406132123/tools/bin/../lib/gcc/arm-none-eabi/12.3.1/thumb/v7-m/nofp/libgcc.a
LOAD /home/han/st/stm32cubeide_1.16.0_3/plugins/com.st.stm32cube.ide.mcu.externaltools.gnu-tools-for-stm32.12.3.rel1.linux64_1.0.200.202406132123/tools/bin/../lib/gcc/arm-none-eabi/12.3.1/../../../../arm-none-eabi/lib/thumb/v7-m/nofp/libc_nano.a
END GROUP
START GROUP
LOAD /home/han/st/stm32cubeide_1.16.0_3/plugins/com.st.stm32cube.ide.mcu.externaltools.gnu-tools-for-stm32.12.3.rel1.linux64_1.0.200.202406132123/tools/bin/../lib/gcc/arm-none-eabi/12.3.1/thumb/v7-m/nofp/libgcc.a
LOAD /home/han/st/stm32cubeide_1.16.0_3/plugins/com.st.stm32cube.ide.mcu.externaltools.gnu-tools-for-stm32.12.3.rel1.linux64_1.0.200.202406132123/tools/bin/../lib/gcc/arm-none-eabi/12.3.1/../../../../arm-none-eabi/lib/thumb/v7-m/nofp/libc_nano.a
LOAD /home/han/st/stm32cubeide_1.16.0_3/plugins/com.st.stm32cube.ide.mcu.externaltools.gnu-tools-for-stm32.12.3.rel1.linux64_1.0.200.202406132123/tools/bin/../lib/gcc/arm-none-eabi/12.3.1/../../../../arm-none-eabi/lib/thumb/v7-m/nofp/libnosys.a
END GROUP
START GROUP
LOAD /home/han/st/stm32cubeide_1.16.0_3/plugins/com.st.stm32cube.ide.mcu.externaltools.gnu-tools-for-stm32.12.3.rel1.linux64_1.0.200.202406132123/tools/bin/../lib/gcc/arm-none-eabi/12.3.1/thumb/v7-m/nofp/libgcc.a
LOAD /home/han/st/stm32cubeide_1.16.0_3/plugins/com.st.stm32cube.ide.mcu.externaltools.gnu-tools-for-stm32.12.3.rel1.linux64_1.0.200.202406132123/tools/bin/../lib/gcc/arm-none-eabi/12.3.1/../../../../arm-none-eabi/lib/thumb/v7-m/nofp/libc_nano.a
LOAD /home/han/st/stm32cubeide_1.16.0_3/plugins/com.st.stm32cube.ide.mcu.externaltools.gnu-tools-for-stm32.12.3.rel1.linux64_1.0.200.202406132123/tools/bin/../lib/gcc/arm-none-eabi/12.3.1/../../../../arm-none-eabi/lib/thumb/v7-m/nofp/libnosys.a
END GROUP
LOAD /home/han/st/stm32cubeide_1.16.0_3/plugins/com.st.stm32cube.ide.mcu.externaltools.gnu-tools-for-stm32.12.3.rel1.linux64_1.0.200.202406132123/tools/bin/../lib/gcc/arm-none-eabi/12.3.1/thumb/v7-m/nofp/crtend.o
LOAD /home/han/st/stm32cubeide_1.16.0_3/plugins/com.st.stm32cube.ide.mcu.externaltools.gnu-tools-for-stm32.12.3.rel1.linux64_1.0.200.202406132123/tools/bin/../lib/gcc/arm-none-eabi/12.3.1/thumb/v7-m/nofp/crtn.o
                0x20005000                        _estack = (ORIGIN (RAM) + LENGTH (RAM))
                0x00000200                        _Min_Heap_Size = 0x200
                0x00000400                        _Min_Stack_Size = 0x400

.isr_vector     0x08000000      0x10c
                0x08000000                        . = ALIGN (0x4)
 *(.isr_vector)
 .isr_vector    0x08000000      0x10c ./Core/Startup/startup_stm32f103r8tx.o
                0x08000000                g_pfnVectors
                0x0800010c                        . = ALIGN (0x4)

.text           0x0800010c     0x35d0
                0x0800010c                        . = ALIGN (0x4)
 *(.text)
 .text          0x0800010c       0x40 /home/han/st/stm32cubeide_1.16.0_3/plugins/com.st.stm32cube.ide.mcu.externaltools.gnu-tools-for-stm32.12.3.rel1.linux64_1.0.200.202406132123/tools/bin/../lib/gcc/arm-none-eabi/12.3.1/thumb/v7-m/nofp/crtbegin.o
 .text          0x0800014c      0x378 /home/han/st/stm32cubeide_1.16.0_3/plugins/com.st.stm32cube.ide.mcu.externaltools.gnu-tools-for-stm32.12.3.rel1.linux64_1.0.200.202406132123/tools/bin/../lib/gcc/arm-none-eabi/12.3.1/thumb/v7-m/nofp/libgcc.a(_arm_addsubdf3.o)
                0x0800014c                __aeabi_drsub
                0x08000154                __aeabi_dsub
                0x08000154                __subdf3
                0x08000158                __adddf3
                0x08000158                __aeabi_dadd
                0x080003d0                __aeabi_ui2d
                0x080003d0                __floatunsidf
                0x080003f0                __floatsidf
                0x080003f0                __aeabi_i2d
                0x08000414                __extendsfdf2
                0x08000414                __aeabi_f2d
                0x08000458                __aeabi_ul2d
                0x08000458                __floatundidf
                0x08000468                __floatdidf
                0x08000468                __aeabi_l2d
 .text          0x080004c4      0x424 /home/han/st/stm32cubeide_1.16.0_3/plugins/com.st.stm32cube.ide.mcu.externaltools.gnu-tools-for-stm32.12.3.rel1.linux64_1.0.200.202406132123/tools/bin/../lib/gcc/arm-none-eabi/12.3.1/thumb/v7-m/nofp/libgcc.a(_arm_muldivdf3.o)
                0x080004c4                __aeabi_dmul
                0x080004c4                __muldf3
                0x08000718                __aeabi_ddiv
                0x08000718                __divdf3
 *(.text*)
 .text.on_event
                0x080008e8       0x4c ./Core/Src/event.o
                0x080008e8                on_event
 .text.advance_rule
                0x08000934      0x134 ./Core/Src/game_of_life.o
                0x08000934                advance_rule
 .text.copy_to_back_buffer
                0x08000a68       0x50 ./Core/Src/game_of_life.o
                0x08000a68                copy_to_back_buffer
 .text.initialize_r_pentomino
                0x08000ab8       0x80 ./Core/Src/game_of_life.o
                0x08000ab8                initialize_r_pentomino
 .text.initialize_glider
                0x08000b38       0x8c ./Core/Src/game_of_life.o
                0x08000b38                initialize_glider
 .text.on_ready
                0x08000bc4       0x28 ./Core/Src/game_of_life.o
                0x08000bc4                on_ready
 .text.on_update
                0x08000bec       0x28 ./Core/Src/game_of_life.o
                0x08000bec                on_update
 .text.on_button_pressed
                0x08000c14       0x30 ./Core/Src/game_of_life.o
                0x08000c14                on_button_pressed
 .text.on_button_held
                0x08000c44        0xc ./Core/Src/game_of_life.o
                0x08000c44                on_button_held
 .text.on_button_released
                0x08000c50        0xc ./Core/Src/game_of_life.o
                0x08000c50                on_button_released
 .text.get_tick_delta_time
                0x08000c5c       0x2c ./Core/Src/main.o
                0x08000c5c                get_tick_delta_time
 .text.main     0x08000c88       0xe8 ./Core/Src/main.o
                0x08000c88                main
 .text.SystemClock_Config
                0x08000d70       0x82 ./Core/Src/main.o
                0x08000d70                SystemClock_Config
 *fill*         0x08000df2        0x2 
 .text.MX_SPI1_Init
                0x08000df4       0x6c ./Core/Src/main.o
 .text.MX_TIM2_Init
                0x08000e60       0xec ./Core/Src/main.o
 .text.MX_TIM3_Init
                0x08000f4c       0xec ./Core/Src/main.o
 .text.MX_GPIO_Init
                0x08001038      0x188 ./Core/Src/main.o
 .text.Error_Handler
                0x080011c0        0xc ./Core/Src/main.o
                0x080011c0                Error_Handler
 .text.swap_buffers
                0x080011cc       0x2c ./Core/Src/renderer.o
                0x080011cc                swap_buffers
 .text.clear_back_buffer
                0x080011f8       0x1c ./Core/Src/renderer.o
                0x080011f8                clear_back_buffer
 .text.set_pixel
                0x08001214       0x94 ./Core/Src/renderer.o
                0x08001214                set_pixel
 .text.set_pixel_w
                0x080012a8       0x28 ./Core/Src/renderer.o
                0x080012a8                set_pixel_w
 .text.get_rgb  0x080012d0       0x46 ./Core/Src/renderer.o
                0x080012d0                get_rgb
 *fill*         0x08001316        0x2 
 .text.render_row
                0x08001318      0x200 ./Core/Src/renderer.o
                0x08001318                render_row
 .text.render_buffer
                0x08001518       0x6c ./Core/Src/renderer.o
                0x08001518                render_buffer
 .text.HAL_MspInit
                0x08001584       0x64 ./Core/Src/stm32f1xx_hal_msp.o
                0x08001584                HAL_MspInit
 .text.HAL_SPI_MspInit
                0x080015e8       0x7c ./Core/Src/stm32f1xx_hal_msp.o
                0x080015e8                HAL_SPI_MspInit
 .text.HAL_TIM_Base_MspInit
                0x08001664       0x70 ./Core/Src/stm32f1xx_hal_msp.o
                0x08001664                HAL_TIM_Base_MspInit
 .text.HAL_TIM_MspPostInit
                0x080016d4       0xcc ./Core/Src/stm32f1xx_hal_msp.o
                0x080016d4                HAL_TIM_MspPostInit
 .text.NMI_Handler
                0x080017a0        0x8 ./Core/Src/stm32f1xx_it.o
                0x080017a0                NMI_Handler
 .text.HardFault_Handler
                0x080017a8        0x8 ./Core/Src/stm32f1xx_it.o
                0x080017a8                HardFault_Handler
 .text.MemManage_Handler
                0x080017b0        0x8 ./Core/Src/stm32f1xx_it.o
                0x080017b0                MemManage_Handler
 .text.BusFault_Handler
                0x080017b8        0x8 ./Core/Src/stm32f1xx_it.o
                0x080017b8                BusFault_Handler
 .text.UsageFault_Handler
                0x080017c0        0x8 ./Core/Src/stm32f1xx_it.o
                0x080017c0                UsageFault_Handler
 .text.SVC_Handler
                0x080017c8        0xc ./Core/Src/stm32f1xx_it.o
                0x080017c8                SVC_Handler
 .text.DebugMon_Handler
                0x080017d4        0xc ./Core/Src/stm32f1xx_it.o
                0x080017d4                DebugMon_Handler
 .text.PendSV_Handler
                0x080017e0        0xc ./Core/Src/stm32f1xx_it.o
                0x080017e0                PendSV_Handler
 .text.SysTick_Handler
                0x080017ec        0xc ./Core/Src/stm32f1xx_it.o
                0x080017ec                SysTick_Handler
 .text.TIM2_IRQHandler
                0x080017f8       0x18 ./Core/Src/stm32f1xx_it.o
                0x080017f8                TIM2_IRQHandler
 .text.SystemInit
                0x08001810        0xc ./Core/Src/system_stm32f1xx.o
                0x08001810                SystemInit
 .text.Reset_Handler
                0x0800181c       0x48 ./Core/Startup/startup_stm32f103r8tx.o
                0x0800181c                Reset_Handler
 .text.Default_Handler
                0x08001864        0x2 ./Core/Startup/startup_stm32f103r8tx.o
                0x08001864                RTC_Alarm_IRQHandler
                0x08001864                EXTI2_IRQHandler
                0x08001864                TIM1_CC_IRQHandler
                0x08001864                PVD_IRQHandler
                0x08001864                EXTI3_IRQHandler
                0x08001864                EXTI0_IRQHandler
                0x08001864                I2C2_EV_IRQHandler
                0x08001864                ADC1_2_IRQHandler
                0x08001864                SPI1_IRQHandler
                0x08001864                TAMPER_IRQHandler
                0x08001864                DMA1_Channel4_IRQHandler
                0x08001864                USART3_IRQHandler
                0x08001864                RTC_IRQHandler
                0x08001864                DMA1_Channel7_IRQHandler
                0x08001864                CAN1_RX1_IRQHandler
                0x08001864                TIM4_IRQHandler
                0x08001864                I2C1_EV_IRQHandler
                0x08001864                DMA1_Channel6_IRQHandler
                0x08001864                TIM3_IRQHandler
                0x08001864                RCC_IRQHandler
                0x08001864                TIM1_TRG_COM_IRQHandler
                0x08001864                DMA1_Channel1_IRQHandler
                0x08001864                Default_Handler
                0x08001864                EXTI15_10_IRQHandler
                0x08001864                EXTI9_5_IRQHandler
                0x08001864                SPI2_IRQHandler
                0x08001864                DMA1_Channel5_IRQHandler
                0x08001864                EXTI4_IRQHandler
                0x08001864                USB_LP_CAN1_RX0_IRQHandler
                0x08001864                USB_HP_CAN1_TX_IRQHandler
                0x08001864                DMA1_Channel3_IRQHandler
                0x08001864                TIM1_UP_IRQHandler
                0x08001864                WWDG_IRQHandler
                0x08001864                TIM1_BRK_IRQHandler
                0x08001864                EXTI1_IRQHandler
                0x08001864                USART2_IRQHandler
                0x08001864                I2C2_ER_IRQHandler
                0x08001864                DMA1_Channel2_IRQHandler
                0x08001864                CAN1_SCE_IRQHandler
                0x08001864                FLASH_IRQHandler
                0x08001864                USART1_IRQHandler
                0x08001864                I2C1_ER_IRQHandler
                0x08001864                USBWakeUp_IRQHandler
 *fill*         0x08001866        0x2 
 .text.HAL_Init
                0x08001868       0x2c ./Drivers/STM32F1xx_HAL_Driver/Src/stm32f1xx_hal.o
                0x08001868                HAL_Init
 .text.HAL_InitTick
                0x08001894       0x60 ./Drivers/STM32F1xx_HAL_Driver/Src/stm32f1xx_hal.o
                0x08001894                HAL_InitTick
 .text.HAL_IncTick
                0x080018f4       0x24 ./Drivers/STM32F1xx_HAL_Driver/Src/stm32f1xx_hal.o
                0x080018f4                HAL_IncTick
 .text.HAL_GetTick
                0x08001918       0x14 ./Drivers/STM32F1xx_HAL_Driver/Src/stm32f1xx_hal.o
                0x08001918                HAL_GetTick
 .text.__NVIC_SetPriorityGrouping
                0x0800192c       0x48 ./Drivers/STM32F1xx_HAL_Driver/Src/stm32f1xx_hal_cortex.o
 .text.__NVIC_GetPriorityGrouping
                0x08001974       0x1c ./Drivers/STM32F1xx_HAL_Driver/Src/stm32f1xx_hal_cortex.o
 .text.__NVIC_EnableIRQ
                0x08001990       0x38 ./Drivers/STM32F1xx_HAL_Driver/Src/stm32f1xx_hal_cortex.o
 .text.__NVIC_SetPriority
                0x080019c8       0x54 ./Drivers/STM32F1xx_HAL_Driver/Src/stm32f1xx_hal_cortex.o
 .text.NVIC_EncodePriority
                0x08001a1c       0x64 ./Drivers/STM32F1xx_HAL_Driver/Src/stm32f1xx_hal_cortex.o
 .text.SysTick_Config
                0x08001a80       0x44 ./Drivers/STM32F1xx_HAL_Driver/Src/stm32f1xx_hal_cortex.o
 .text.HAL_NVIC_SetPriorityGrouping
                0x08001ac4       0x16 ./Drivers/STM32F1xx_HAL_Driver/Src/stm32f1xx_hal_cortex.o
                0x08001ac4                HAL_NVIC_SetPriorityGrouping
 .text.HAL_NVIC_SetPriority
                0x08001ada       0x38 ./Drivers/STM32F1xx_HAL_Driver/Src/stm32f1xx_hal_cortex.o
                0x08001ada                HAL_NVIC_SetPriority
 .text.HAL_NVIC_EnableIRQ
                0x08001b12       0x1c ./Drivers/STM32F1xx_HAL_Driver/Src/stm32f1xx_hal_cortex.o
                0x08001b12                HAL_NVIC_EnableIRQ
 .text.HAL_SYSTICK_Config
                0x08001b2e       0x18 ./Drivers/STM32F1xx_HAL_Driver/Src/stm32f1xx_hal_cortex.o
                0x08001b2e                HAL_SYSTICK_Config
 *fill*         0x08001b46        0x2 
 .text.HAL_GPIO_Init
                0x08001b48      0x308 ./Drivers/STM32F1xx_HAL_Driver/Src/stm32f1xx_hal_gpio.o
                0x08001b48                HAL_GPIO_Init
 .text.HAL_GPIO_ReadPin
                0x08001e50       0x2e ./Drivers/STM32F1xx_HAL_Driver/Src/stm32f1xx_hal_gpio.o
                0x08001e50                HAL_GPIO_ReadPin
 .text.HAL_GPIO_WritePin
                0x08001e7e       0x30 ./Drivers/STM32F1xx_HAL_Driver/Src/stm32f1xx_hal_gpio.o
                0x08001e7e                HAL_GPIO_WritePin
 *fill*         0x08001eae        0x2 
 .text.HAL_RCC_OscConfig
                0x08001eb0      0x504 ./Drivers/STM32F1xx_HAL_Driver/Src/stm32f1xx_hal_rcc.o
                0x08001eb0                HAL_RCC_OscConfig
 .text.HAL_RCC_ClockConfig
                0x080023b4      0x1d4 ./Drivers/STM32F1xx_HAL_Driver/Src/stm32f1xx_hal_rcc.o
                0x080023b4                HAL_RCC_ClockConfig
 .text.HAL_RCC_GetSysClockFreq
                0x08002588       0xa8 ./Drivers/STM32F1xx_HAL_Driver/Src/stm32f1xx_hal_rcc.o
                0x08002588                HAL_RCC_GetSysClockFreq
 .text.RCC_Delay
                0x08002630       0x3c ./Drivers/STM32F1xx_HAL_Driver/Src/stm32f1xx_hal_rcc.o
 .text.HAL_SPI_Init
                0x0800266c      0x108 ./Drivers/STM32F1xx_HAL_Driver/Src/stm32f1xx_hal_spi.o
                0x0800266c                HAL_SPI_Init
 .text.HAL_TIM_Base_Init
                0x08002774       0x9e ./Drivers/STM32F1xx_HAL_Driver/Src/stm32f1xx_hal_tim.o
                0x08002774                HAL_TIM_Base_Init
 *fill*         0x08002812        0x2 
 .text.HAL_TIM_Base_Start_IT
                0x08002814       0xa4 ./Drivers/STM32F1xx_HAL_Driver/Src/stm32f1xx_hal_tim.o
                0x08002814                HAL_TIM_Base_Start_IT
 .text.HAL_TIM_PWM_Init
                0x080028b8       0x9e ./Drivers/STM32F1xx_HAL_Driver/Src/stm32f1xx_hal_tim.o
                0x080028b8                HAL_TIM_PWM_Init
 .text.HAL_TIM_PWM_MspInit
                0x08002956       0x12 ./Drivers/STM32F1xx_HAL_Driver/Src/stm32f1xx_hal_tim.o
                0x08002956                HAL_TIM_PWM_MspInit
 .text.HAL_TIM_PWM_Start
                0x08002968      0x144 ./Drivers/STM32F1xx_HAL_Driver/Src/stm32f1xx_hal_tim.o
                0x08002968                HAL_TIM_PWM_Start
 .text.HAL_TIM_IRQHandler
                0x08002aac      0x210 ./Drivers/STM32F1xx_HAL_Driver/Src/stm32f1xx_hal_tim.o
                0x08002aac                HAL_TIM_IRQHandler
 .text.HAL_TIM_PWM_ConfigChannel
                0x08002cbc      0x184 ./Drivers/STM32F1xx_HAL_Driver/Src/stm32f1xx_hal_tim.o
                0x08002cbc                HAL_TIM_PWM_ConfigChannel
 .text.HAL_TIM_ConfigClockSource
                0x08002e40      0x18e ./Drivers/STM32F1xx_HAL_Driver/Src/stm32f1xx_hal_tim.o
                0x08002e40                HAL_TIM_ConfigClockSource
 .text.HAL_TIM_PeriodElapsedCallback
                0x08002fce       0x12 ./Drivers/STM32F1xx_HAL_Driver/Src/stm32f1xx_hal_tim.o
                0x08002fce                HAL_TIM_PeriodElapsedCallback
 .text.HAL_TIM_OC_DelayElapsedCallback
                0x08002fe0       0x12 ./Drivers/STM32F1xx_HAL_Driver/Src/stm32f1xx_hal_tim.o
                0x08002fe0                HAL_TIM_OC_DelayElapsedCallback
 .text.HAL_TIM_IC_CaptureCallback
                0x08002ff2       0x12 ./Drivers/STM32F1xx_HAL_Driver/Src/stm32f1xx_hal_tim.o
                0x08002ff2                HAL_TIM_IC_CaptureCallback
 .text.HAL_TIM_PWM_PulseFinishedCallback
                0x08003004       0x12 ./Drivers/STM32F1xx_HAL_Driver/Src/stm32f1xx_hal_tim.o
                0x08003004                HAL_TIM_PWM_PulseFinishedCallback
 .text.HAL_TIM_TriggerCallback
                0x08003016       0x12 ./Drivers/STM32F1xx_HAL_Driver/Src/stm32f1xx_hal_tim.o
                0x08003016                HAL_TIM_TriggerCallback
 .text.TIM_Base_SetConfig
                0x08003028       0xc4 ./Drivers/STM32F1xx_HAL_Driver/Src/stm32f1xx_hal_tim.o
                0x08003028                TIM_Base_SetConfig
 .text.TIM_OC1_SetConfig
                0x080030ec       0xcc ./Drivers/STM32F1xx_HAL_Driver/Src/stm32f1xx_hal_tim.o
 .text.TIM_OC2_SetConfig
                0x080031b8       0xd4 ./Drivers/STM32F1xx_HAL_Driver/Src/stm32f1xx_hal_tim.o
                0x080031b8                TIM_OC2_SetConfig
 .text.TIM_OC3_SetConfig
                0x0800328c       0xd4 ./Drivers/STM32F1xx_HAL_Driver/Src/stm32f1xx_hal_tim.o
 .text.TIM_OC4_SetConfig
                0x08003360       0x9c ./Drivers/STM32F1xx_HAL_Driver/Src/stm32f1xx_hal_tim.o
 .text.TIM_TI1_ConfigInputStage
                0x080033fc       0x5c ./Drivers/STM32F1xx_HAL_Driver/Src/stm32f1xx_hal_tim.o
 .text.TIM_TI2_ConfigInputStage
                0x08003458       0x5e ./Drivers/STM32F1xx_HAL_Driver/Src/stm32f1xx_hal_tim.o
 .text.TIM_ITRx_SetConfig
                0x080034b6       0x34 ./Drivers/STM32F1xx_HAL_Driver/Src/stm32f1xx_hal_tim.o
 .text.TIM_ETR_SetConfig
                0x080034ea       0x3e ./Drivers/STM32F1xx_HAL_Driver/Src/stm32f1xx_hal_tim.o
                0x080034ea                TIM_ETR_SetConfig
 .text.TIM_CCxChannelCmd
                0x08003528       0x48 ./Drivers/STM32F1xx_HAL_Driver/Src/stm32f1xx_hal_tim.o
                0x08003528                TIM_CCxChannelCmd
 .text.HAL_TIMEx_MasterConfigSynchronization
                0x08003570       0xbc ./Drivers/STM32F1xx_HAL_Driver/Src/stm32f1xx_hal_tim_ex.o
                0x08003570                HAL_TIMEx_MasterConfigSynchronization
 .text.HAL_TIMEx_CommutCallback
                0x0800362c       0x12 ./Drivers/STM32F1xx_HAL_Driver/Src/stm32f1xx_hal_tim_ex.o
                0x0800362c                HAL_TIMEx_CommutCallback
 .text.HAL_TIMEx_BreakCallback
                0x0800363e       0x12 ./Drivers/STM32F1xx_HAL_Driver/Src/stm32f1xx_hal_tim_ex.o
                0x0800363e                HAL_TIMEx_BreakCallback
 .text.memset   0x08003650       0x10 /home/han/st/stm32cubeide_1.16.0_3/plugins/com.st.stm32cube.ide.mcu.externaltools.gnu-tools-for-stm32.12.3.rel1.linux64_1.0.200.202406132123/tools/bin/../lib/gcc/arm-none-eabi/12.3.1/../../../../arm-none-eabi/lib/thumb/v7-m/nofp/libc_nano.a(libc_a-memset.o)
                0x08003650                memset
 .text.__libc_init_array
                0x08003660       0x48 /home/han/st/stm32cubeide_1.16.0_3/plugins/com.st.stm32cube.ide.mcu.externaltools.gnu-tools-for-stm32.12.3.rel1.linux64_1.0.200.202406132123/tools/bin/../lib/gcc/arm-none-eabi/12.3.1/../../../../arm-none-eabi/lib/thumb/v7-m/nofp/libc_nano.a(libc_a-init.o)
                0x08003660                __libc_init_array
 .text.memcpy   0x080036a8       0x1c /home/han/st/stm32cubeide_1.16.0_3/plugins/com.st.stm32cube.ide.mcu.externaltools.gnu-tools-for-stm32.12.3.rel1.linux64_1.0.200.202406132123/tools/bin/../lib/gcc/arm-none-eabi/12.3.1/../../../../arm-none-eabi/lib/thumb/v7-m/nofp/libc_nano.a(libc_a-memcpy-stub.o)
                0x080036a8                memcpy
 *(.glue_7)
 .glue_7        0x080036c4        0x0 linker stubs
 *(.glue_7t)
 .glue_7t       0x080036c4        0x0 linker stubs
 *(.eh_frame)
 .eh_frame      0x080036c4        0x0 /home/han/st/stm32cubeide_1.16.0_3/plugins/com.st.stm32cube.ide.mcu.externaltools.gnu-tools-for-stm32.12.3.rel1.linux64_1.0.200.202406132123/tools/bin/../lib/gcc/arm-none-eabi/12.3.1/thumb/v7-m/nofp/crtbegin.o
 *(.init)
 .init          0x080036c4        0x4 /home/han/st/stm32cubeide_1.16.0_3/plugins/com.st.stm32cube.ide.mcu.externaltools.gnu-tools-for-stm32.12.3.rel1.linux64_1.0.200.202406132123/tools/bin/../lib/gcc/arm-none-eabi/12.3.1/thumb/v7-m/nofp/crti.o
                0x080036c4                _init
 .init          0x080036c8        0x8 /home/han/st/stm32cubeide_1.16.0_3/plugins/com.st.stm32cube.ide.mcu.externaltools.gnu-tools-for-stm32.12.3.rel1.linux64_1.0.200.202406132123/tools/bin/../lib/gcc/arm-none-eabi/12.3.1/thumb/v7-m/nofp/crtn.o
 *(.fini)
 .fini          0x080036d0        0x4 /home/han/st/stm32cubeide_1.16.0_3/plugins/com.st.stm32cube.ide.mcu.externaltools.gnu-tools-for-stm32.12.3.rel1.linux64_1.0.200.202406132123/tools/bin/../lib/gcc/arm-none-eabi/12.3.1/thumb/v7-m/nofp/crti.o
                0x080036d0                _fini
 .fini          0x080036d4        0x8 /home/han/st/stm32cubeide_1.16.0_3/plugins/com.st.stm32cube.ide.mcu.externaltools.gnu-tools-for-stm32.12.3.rel1.linux64_1.0.200.202406132123/tools/bin/../lib/gcc/arm-none-eabi/12.3.1/thumb/v7-m/nofp/crtn.o
                0x080036dc                        . = ALIGN (0x4)
                0x080036dc                        _etext = .

.vfp11_veneer   0x080036dc        0x0
 .vfp11_veneer  0x080036dc        0x0 linker stubs

.v4_bx          0x080036dc        0x0
 .v4_bx         0x080036dc        0x0 linker stubs

.iplt           0x080036dc        0x0
 .iplt          0x080036dc        0x0 /home/han/st/stm32cubeide_1.16.0_3/plugins/com.st.stm32cube.ide.mcu.externaltools.gnu-tools-for-stm32.12.3.rel1.linux64_1.0.200.202406132123/tools/bin/../lib/gcc/arm-none-eabi/12.3.1/thumb/v7-m/nofp/crtbegin.o

.rodata         0x080036dc       0x30
                0x080036dc                        . = ALIGN (0x4)
 *(.rodata)
 .rodata        0x080036dc        0x9 ./Core/Src/game_of_life.o
 *(.rodata*)
 *fill*         0x080036e5        0x3 
 .rodata.AHBPrescTable
                0x080036e8       0x10 ./Core/Src/system_stm32f1xx.o
                0x080036e8                AHBPrescTable
 .rodata.aPLLMULFactorTable.1
                0x080036f8       0x10 ./Drivers/STM32F1xx_HAL_Driver/Src/stm32f1xx_hal_rcc.o
 .rodata.aPredivFactorTable.0
                0x08003708        0x2 ./Drivers/STM32F1xx_HAL_Driver/Src/stm32f1xx_hal_rcc.o
                0x0800370c                        . = ALIGN (0x4)
 *fill*         0x0800370a        0x2 

.ARM.extab      0x0800370c        0x0
                0x0800370c                        . = ALIGN (0x4)
 *(.ARM.extab* .gnu.linkonce.armextab.*)
                0x0800370c                        . = ALIGN (0x4)

.ARM            0x0800370c        0x0
                0x0800370c                        . = ALIGN (0x4)
                0x0800370c                        __exidx_start = .
 *(.ARM.exidx*)
                0x0800370c                        __exidx_end = .
                0x0800370c                        . = ALIGN (0x4)

.preinit_array  0x0800370c        0x0
                0x0800370c                        . = ALIGN (0x4)
                0x0800370c                        PROVIDE (__preinit_array_start = .)
 *(.preinit_array*)
                0x0800370c                        PROVIDE (__preinit_array_end = .)
                0x0800370c                        . = ALIGN (0x4)

.init_array     0x0800370c        0x4
                0x0800370c                        . = ALIGN (0x4)
                0x0800370c                        PROVIDE (__init_array_start = .)
 *(SORT_BY_NAME(.init_array.*))
 *(.init_array*)
 .init_array    0x0800370c        0x4 /home/han/st/stm32cubeide_1.16.0_3/plugins/com.st.stm32cube.ide.mcu.externaltools.gnu-tools-for-stm32.12.3.rel1.linux64_1.0.200.202406132123/tools/bin/../lib/gcc/arm-none-eabi/12.3.1/thumb/v7-m/nofp/crtbegin.o
                0x08003710                        PROVIDE (__init_array_end = .)
                0x08003710                        . = ALIGN (0x4)

.fini_array     0x08003710        0x4
                0x08003710                        . = ALIGN (0x4)
                [!provide]                        PROVIDE (__fini_array_start = .)
 *(SORT_BY_NAME(.fini_array.*))
 *(.fini_array*)
 .fini_array    0x08003710        0x4 /home/han/st/stm32cubeide_1.16.0_3/plugins/com.st.stm32cube.ide.mcu.externaltools.gnu-tools-for-stm32.12.3.rel1.linux64_1.0.200.202406132123/tools/bin/../lib/gcc/arm-none-eabi/12.3.1/thumb/v7-m/nofp/crtbegin.o
                [!provide]                        PROVIDE (__fini_array_end = .)
                0x08003714                        . = ALIGN (0x4)
                0x08003714                        _sidata = LOADADDR (.data)

.rel.dyn        0x08003714        0x0
 .rel.iplt      0x08003714        0x0 /home/han/st/stm32cubeide_1.16.0_3/plugins/com.st.stm32cube.ide.mcu.externaltools.gnu-tools-for-stm32.12.3.rel1.linux64_1.0.200.202406132123/tools/bin/../lib/gcc/arm-none-eabi/12.3.1/thumb/v7-m/nofp/crtbegin.o

.data           0x20000000       0x14 load address 0x08003714
                0x20000000                        . = ALIGN (0x4)
                0x20000000                        _sdata = .
 *(.data)
 *(.data*)
 .data.front_buffer
                0x20000000        0x4 ./Core/Src/renderer.o
                0x20000000                front_buffer
 .data.back_buffer
                0x20000004        0x4 ./Core/Src/renderer.o
                0x20000004                back_buffer
 .data.SystemCoreClock
                0x20000008        0x4 ./Core/Src/system_stm32f1xx.o
                0x20000008                SystemCoreClock
 .data.uwTickPrio
                0x2000000c        0x4 ./Drivers/STM32F1xx_HAL_Driver/Src/stm32f1xx_hal.o
                0x2000000c                uwTickPrio
 .data.uwTickFreq
                0x20000010        0x1 ./Drivers/STM32F1xx_HAL_Driver/Src/stm32f1xx_hal.o
                0x20000010                uwTickFreq
 *(.RamFunc)
 *(.RamFunc*)
                0x20000014                        . = ALIGN (0x4)
 *fill*         0x20000011        0x3 
                0x20000014                        _edata = .

.igot.plt       0x20000014        0x0 load address 0x08003728
 .igot.plt      0x20000014        0x0 /home/han/st/stm32cubeide_1.16.0_3/plugins/com.st.stm32cube.ide.mcu.externaltools.gnu-tools-for-stm32.12.3.rel1.linux64_1.0.200.202406132123/tools/bin/../lib/gcc/arm-none-eabi/12.3.1/thumb/v7-m/nofp/crtbegin.o
                0x20000014                        . = ALIGN (0x4)

.bss            0x20000018     0x2130 load address 0x08003728
                0x20000018                        _sbss = .
                0x20000018                        __bss_start__ = _sbss
 *(.bss)
 .bss           0x20000018       0x1c /home/han/st/stm32cubeide_1.16.0_3/plugins/com.st.stm32cube.ide.mcu.externaltools.gnu-tools-for-stm32.12.3.rel1.linux64_1.0.200.202406132123/tools/bin/../lib/gcc/arm-none-eabi/12.3.1/thumb/v7-m/nofp/crtbegin.o
 *(.bss*)
 .bss.is_button_held
                0x20000034        0x1 ./Core/Src/event.o
 *fill*         0x20000035        0x3 
 .bss.grid      0x20000038      0x800 ./Core/Src/game_of_life.o
                0x20000038                grid
 .bss.new_grid  0x20000838      0x800 ./Core/Src/game_of_life.o
                0x20000838                new_grid
 .bss.pause     0x20001038        0x1 ./Core/Src/game_of_life.o
                0x20001038                pause
 *fill*         0x20001039        0x3 
 .bss.hspi1     0x2000103c       0x58 ./Core/Src/main.o
                0x2000103c                hspi1
 .bss.htim2     0x20001094       0x48 ./Core/Src/main.o
                0x20001094                htim2
 .bss.htim3     0x200010dc       0x48 ./Core/Src/main.o
                0x200010dc                htim3
 *fill*         0x20001124        0x4 
 .bss.DeltaTime
                0x20001128        0x8 ./Core/Src/main.o
                0x20001128                DeltaTime
 .bss.last_tick_time
                0x20001130        0x4 ./Core/Src/main.o
                0x20001130                last_tick_time
 .bss.buzzer_request
                0x20001134        0x1 ./Core/Src/main.o
                0x20001134                buzzer_request
 *fill*         0x20001135        0x3 
 .bss.buzzer_toggle_request_time
                0x20001138        0x4 ./Core/Src/main.o
                0x20001138                buzzer_toggle_request_time
 .bss.buffer1   0x2000113c      0x800 ./Core/Src/renderer.o
                0x2000113c                buffer1
 .bss.buffer2   0x2000193c      0x800 ./Core/Src/renderer.o
                0x2000193c                buffer2
 .bss.is_back_buffer_new
                0x2000213c        0x1 ./Core/Src/renderer.o
                0x2000213c                is_back_buffer_new
 .bss.current_row
                0x2000213d        0x1 ./Core/Src/renderer.o
                0x2000213d                current_row
 *fill*         0x2000213e        0x2 
 .bss.last_render_time
                0x20002140        0x4 ./Core/Src/renderer.o
                0x20002140                last_render_time
 .bss.uwTick    0x20002144        0x4 ./Drivers/STM32F1xx_HAL_Driver/Src/stm32f1xx_hal.o
                0x20002144                uwTick
 *(COMMON)
                0x20002148                        . = ALIGN (0x4)
                0x20002148                        _ebss = .
                0x20002148                        __bss_end__ = _ebss

._user_heap_stack
                0x20002148      0x600 load address 0x08003728
                0x20002148                        . = ALIGN (0x8)
                [!provide]                        PROVIDE (end = .)
                0x20002148                        PROVIDE (_end = .)
                0x20002348                        . = (. + _Min_Heap_Size)
 *fill*         0x20002148      0x200 
                0x20002748                        . = (. + _Min_Stack_Size)
 *fill*         0x20002348      0x400 
                0x20002748                        . = ALIGN (0x8)

/DISCARD/
 libc.a(*)
 libm.a(*)
 libgcc.a(*)

.ARM.attributes
                0x00000000       0x29
 *(.ARM.attributes)
 .ARM.attributes
                0x00000000       0x1d /home/han/st/stm32cubeide_1.16.0_3/plugins/com.st.stm32cube.ide.mcu.externaltools.gnu-tools-for-stm32.12.3.rel1.linux64_1.0.200.202406132123/tools/bin/../lib/gcc/arm-none-eabi/12.3.1/thumb/v7-m/nofp/crti.o
 .ARM.attributes
                0x0000001d       0x2d /home/han/st/stm32cubeide_1.16.0_3/plugins/com.st.stm32cube.ide.mcu.externaltools.gnu-tools-for-stm32.12.3.rel1.linux64_1.0.200.202406132123/tools/bin/../lib/gcc/arm-none-eabi/12.3.1/thumb/v7-m/nofp/crtbegin.o
 .ARM.attributes
                0x0000004a       0x2d ./Core/Src/event.o
 .ARM.attributes
                0x00000077       0x2d ./Core/Src/game_of_life.o
 .ARM.attributes
                0x000000a4       0x2d ./Core/Src/main.o
 .ARM.attributes
                0x000000d1       0x2d ./Core/Src/renderer.o
 .ARM.attributes
                0x000000fe       0x2d ./Core/Src/stm32f1xx_hal_msp.o
 .ARM.attributes
                0x0000012b       0x2d ./Core/Src/stm32f1xx_it.o
 .ARM.attributes
                0x00000158       0x2d ./Core/Src/system_stm32f1xx.o
 .ARM.attributes
                0x00000185       0x21 ./Core/Startup/startup_stm32f103r8tx.o
 .ARM.attributes
                0x000001a6       0x2d ./Drivers/STM32F1xx_HAL_Driver/Src/stm32f1xx_hal.o
 .ARM.attributes
                0x000001d3       0x2d ./Drivers/STM32F1xx_HAL_Driver/Src/stm32f1xx_hal_cortex.o
 .ARM.attributes
                0x00000200       0x2d ./Drivers/STM32F1xx_HAL_Driver/Src/stm32f1xx_hal_gpio.o
 .ARM.attributes
                0x0000022d       0x2d ./Drivers/STM32F1xx_HAL_Driver/Src/stm32f1xx_hal_rcc.o
 .ARM.attributes
                0x0000025a       0x2d ./Drivers/STM32F1xx_HAL_Driver/Src/stm32f1xx_hal_spi.o
 .ARM.attributes
                0x00000287       0x2d ./Drivers/STM32F1xx_HAL_Driver/Src/stm32f1xx_hal_tim.o
 .ARM.attributes
                0x000002b4       0x2d ./Drivers/STM32F1xx_HAL_Driver/Src/stm32f1xx_hal_tim_ex.o
 .ARM.attributes
                0x000002e1       0x2d /home/han/st/stm32cubeide_1.16.0_3/plugins/com.st.stm32cube.ide.mcu.externaltools.gnu-tools-for-stm32.12.3.rel1.linux64_1.0.200.202406132123/tools/bin/../lib/gcc/arm-none-eabi/12.3.1/../../../../arm-none-eabi/lib/thumb/v7-m/nofp/libc_nano.a(libc_a-memset.o)
 .ARM.attributes
                0x0000030e       0x2d /home/han/st/stm32cubeide_1.16.0_3/plugins/com.st.stm32cube.ide.mcu.externaltools.gnu-tools-for-stm32.12.3.rel1.linux64_1.0.200.202406132123/tools/bin/../lib/gcc/arm-none-eabi/12.3.1/../../../../arm-none-eabi/lib/thumb/v7-m/nofp/libc_nano.a(libc_a-init.o)
 .ARM.attributes
                0x0000033b       0x2d /home/han/st/stm32cubeide_1.16.0_3/plugins/com.st.stm32cube.ide.mcu.externaltools.gnu-tools-for-stm32.12.3.rel1.linux64_1.0.200.202406132123/tools/bin/../lib/gcc/arm-none-eabi/12.3.1/../../../../arm-none-eabi/lib/thumb/v7-m/nofp/libc_nano.a(libc_a-memcpy-stub.o)
 .ARM.attributes
                0x00000368       0x1d /home/han/st/stm32cubeide_1.16.0_3/plugins/com.st.stm32cube.ide.mcu.externaltools.gnu-tools-for-stm32.12.3.rel1.linux64_1.0.200.202406132123/tools/bin/../lib/gcc/arm-none-eabi/12.3.1/thumb/v7-m/nofp/libgcc.a(_arm_addsubdf3.o)
 .ARM.attributes
                0x00000385       0x1d /home/han/st/stm32cubeide_1.16.0_3/plugins/com.st.stm32cube.ide.mcu.externaltools.gnu-tools-for-stm32.12.3.rel1.linux64_1.0.200.202406132123/tools/bin/../lib/gcc/arm-none-eabi/12.3.1/thumb/v7-m/nofp/libgcc.a(_arm_muldivdf3.o)
 .ARM.attributes
                0x000003a2       0x1d /home/han/st/stm32cubeide_1.16.0_3/plugins/com.st.stm32cube.ide.mcu.externaltools.gnu-tools-for-stm32.12.3.rel1.linux64_1.0.200.202406132123/tools/bin/../lib/gcc/arm-none-eabi/12.3.1/thumb/v7-m/nofp/crtn.o
OUTPUT(led_panel.elf elf32-littlearm)
LOAD linker stubs
LOAD /home/han/st/stm32cubeide_1.16.0_3/plugins/com.st.stm32cube.ide.mcu.externaltools.gnu-tools-for-stm32.12.3.rel1.linux64_1.0.200.202406132123/tools/bin/../lib/gcc/arm-none-eabi/12.3.1/../../../../arm-none-eabi/lib/thumb/v7-m/nofp/libc.a
LOAD /home/han/st/stm32cubeide_1.16.0_3/plugins/com.st.stm32cube.ide.mcu.externaltools.gnu-tools-for-stm32.12.3.rel1.linux64_1.0.200.202406132123/tools/bin/../lib/gcc/arm-none-eabi/12.3.1/../../../../arm-none-eabi/lib/thumb/v7-m/nofp/libm.a
LOAD /home/han/st/stm32cubeide_1.16.0_3/plugins/com.st.stm32cube.ide.mcu.externaltools.gnu-tools-for-stm32.12.3.rel1.linux64_1.0.200.202406132123/tools/bin/../lib/gcc/arm-none-eabi/12.3.1/thumb/v7-m/nofp/libgcc.a

.debug_info     0x00000000     0xa8ab
 .debug_info    0x00000000      0x1cd ./Core/Src/event.o
 .debug_info    0x000001cd      0x34d ./Core/Src/game_of_life.o
 .debug_info    0x0000051a     0x1098 ./Core/Src/main.o
 .debug_info    0x000015b2      0xa14 ./Core/Src/renderer.o
 .debug_info    0x00001fc6      0xdf8 ./Core/Src/stm32f1xx_hal_msp.o
 .debug_info    0x00002dbe      0x6b7 ./Core/Src/stm32f1xx_it.o
 .debug_info    0x00003475      0x222 ./Core/Src/system_stm32f1xx.o
 .debug_info    0x00003697       0x30 ./Core/Startup/startup_stm32f103r8tx.o
 .debug_info    0x000036c7      0x704 ./Drivers/STM32F1xx_HAL_Driver/Src/stm32f1xx_hal.o
 .debug_info    0x00003dcb      0xa87 ./Drivers/STM32F1xx_HAL_Driver/Src/stm32f1xx_hal_cortex.o
 .debug_info    0x00004852      0x5ab ./Drivers/STM32F1xx_HAL_Driver/Src/stm32f1xx_hal_gpio.o
 .debug_info    0x00004dfd      0x7d5 ./Drivers/STM32F1xx_HAL_Driver/Src/stm32f1xx_hal_rcc.o
 .debug_info    0x000055d2     0x1503 ./Drivers/STM32F1xx_HAL_Driver/Src/stm32f1xx_hal_spi.o
 .debug_info    0x00006ad5     0x293b ./Drivers/STM32F1xx_HAL_Driver/Src/stm32f1xx_hal_tim.o
 .debug_info    0x00009410     0x149b ./Drivers/STM32F1xx_HAL_Driver/Src/stm32f1xx_hal_tim_ex.o

.debug_abbrev   0x00000000     0x1e48
 .debug_abbrev  0x00000000      0x10a ./Core/Src/event.o
 .debug_abbrev  0x0000010a      0x16c ./Core/Src/game_of_life.o
 .debug_abbrev  0x00000276      0x31e ./Core/Src/main.o
 .debug_abbrev  0x00000594      0x2e3 ./Core/Src/renderer.o
 .debug_abbrev  0x00000877      0x1d7 ./Core/Src/stm32f1xx_hal_msp.o
 .debug_abbrev  0x00000a4e      0x1a4 ./Core/Src/stm32f1xx_it.o
 .debug_abbrev  0x00000bf2      0x13f ./Core/Src/system_stm32f1xx.o
 .debug_abbrev  0x00000d31       0x24 ./Core/Startup/startup_stm32f103r8tx.o
 .debug_abbrev  0x00000d55      0x201 ./Drivers/STM32F1xx_HAL_Driver/Src/stm32f1xx_hal.o
 .debug_abbrev  0x00000f56      0x2f8 ./Drivers/STM32F1xx_HAL_Driver/Src/stm32f1xx_hal_cortex.o
 .debug_abbrev  0x0000124e      0x1ca ./Drivers/STM32F1xx_HAL_Driver/Src/stm32f1xx_hal_gpio.o
 .debug_abbrev  0x00001418      0x2b3 ./Drivers/STM32F1xx_HAL_Driver/Src/stm32f1xx_hal_rcc.o
 .debug_abbrev  0x000016cb      0x284 ./Drivers/STM32F1xx_HAL_Driver/Src/stm32f1xx_hal_spi.o
 .debug_abbrev  0x0000194f      0x277 ./Drivers/STM32F1xx_HAL_Driver/Src/stm32f1xx_hal_tim.o
 .debug_abbrev  0x00001bc6      0x282 ./Drivers/STM32F1xx_HAL_Driver/Src/stm32f1xx_hal_tim_ex.o

.debug_aranges  0x00000000      0xc80
 .debug_aranges
                0x00000000       0x38 ./Core/Src/event.o
 .debug_aranges
                0x00000038       0x60 ./Core/Src/game_of_life.o
 .debug_aranges
                0x00000098       0x70 ./Core/Src/main.o
 .debug_aranges
                0x00000108       0xa8 ./Core/Src/renderer.o
 .debug_aranges
                0x000001b0       0x48 ./Core/Src/stm32f1xx_hal_msp.o
 .debug_aranges
                0x000001f8       0x68 ./Core/Src/stm32f1xx_it.o
 .debug_aranges
                0x00000260       0x28 ./Core/Src/system_stm32f1xx.o
 .debug_aranges
                0x00000288       0x28 ./Core/Startup/startup_stm32f103r8tx.o
 .debug_aranges
                0x000002b0       0xe0 ./Drivers/STM32F1xx_HAL_Driver/Src/stm32f1xx_hal.o
 .debug_aranges
                0x00000390      0x100 ./Drivers/STM32F1xx_HAL_Driver/Src/stm32f1xx_hal_cortex.o
 .debug_aranges
                0x00000490       0x58 ./Drivers/STM32F1xx_HAL_Driver/Src/stm32f1xx_hal_gpio.o
 .debug_aranges
                0x000004e8       0x90 ./Drivers/STM32F1xx_HAL_Driver/Src/stm32f1xx_hal_rcc.o
 .debug_aranges
                0x00000578      0x1d0 ./Drivers/STM32F1xx_HAL_Driver/Src/stm32f1xx_hal_spi.o
 .debug_aranges
                0x00000748      0x3d0 ./Drivers/STM32F1xx_HAL_Driver/Src/stm32f1xx_hal_tim.o
 .debug_aranges
                0x00000b18      0x168 ./Drivers/STM32F1xx_HAL_Driver/Src/stm32f1xx_hal_tim_ex.o

.debug_rnglists
                0x00000000      0x9ba
 .debug_rnglists
                0x00000000       0x25 ./Core/Src/event.o
 .debug_rnglists
                0x00000025       0x46 ./Core/Src/game_of_life.o
 .debug_rnglists
                0x0000006b       0x54 ./Core/Src/main.o
 .debug_rnglists
                0x000000bf       0x97 ./Core/Src/renderer.o
 .debug_rnglists
                0x00000156       0x32 ./Core/Src/stm32f1xx_hal_msp.o
 .debug_rnglists
                0x00000188       0x49 ./Core/Src/stm32f1xx_it.o
 .debug_rnglists
                0x000001d1       0x1a ./Core/Src/system_stm32f1xx.o
 .debug_rnglists
                0x000001eb       0x19 ./Core/Startup/startup_stm32f103r8tx.o
 .debug_rnglists
                0x00000204       0xa3 ./Drivers/STM32F1xx_HAL_Driver/Src/stm32f1xx_hal.o
 .debug_rnglists
                0x000002a7       0xbb ./Drivers/STM32F1xx_HAL_Driver/Src/stm32f1xx_hal_cortex.o
 .debug_rnglists
                0x00000362       0x3f ./Drivers/STM32F1xx_HAL_Driver/Src/stm32f1xx_hal_gpio.o
 .debug_rnglists
                0x000003a1       0x6c ./Drivers/STM32F1xx_HAL_Driver/Src/stm32f1xx_hal_rcc.o
 .debug_rnglists
                0x0000040d      0x16e ./Drivers/STM32F1xx_HAL_Driver/Src/stm32f1xx_hal_spi.o
 .debug_rnglists
                0x0000057b      0x31a ./Drivers/STM32F1xx_HAL_Driver/Src/stm32f1xx_hal_tim.o
 .debug_rnglists
                0x00000895      0x125 ./Drivers/STM32F1xx_HAL_Driver/Src/stm32f1xx_hal_tim_ex.o

.debug_macro    0x00000000     0x1bc6
 .debug_macro   0x00000000      0x1c5 ./Core/Src/event.o
 .debug_macro   0x000001c5      0x2ec ./Core/Src/game_of_life.o
 .debug_macro   0x000004b1      0x2ae ./Core/Src/main.o
 .debug_macro   0x0000075f       0x10 ./Core/Src/main.o
 .debug_macro   0x0000076f      0x2d5 ./Core/Src/renderer.o
 .debug_macro   0x00000a44      0x1d9 ./Core/Src/stm32f1xx_hal_msp.o
 .debug_macro   0x00000c1d      0x1e7 ./Core/Src/stm32f1xx_it.o
 .debug_macro   0x00000e04      0x1a3 ./Core/Src/system_stm32f1xx.o
 .debug_macro   0x00000fa7      0x1c7 ./Drivers/STM32F1xx_HAL_Driver/Src/stm32f1xx_hal.o
 .debug_macro   0x0000116e      0x1a3 ./Drivers/STM32F1xx_HAL_Driver/Src/stm32f1xx_hal_cortex.o
 .debug_macro   0x00001311      0x20e ./Drivers/STM32F1xx_HAL_Driver/Src/stm32f1xx_hal_gpio.o
 .debug_macro   0x0000151f      0x1b5 ./Drivers/STM32F1xx_HAL_Driver/Src/stm32f1xx_hal_rcc.o
 .debug_macro   0x000016d4      0x1ab ./Drivers/STM32F1xx_HAL_Driver/Src/stm32f1xx_hal_spi.o
 .debug_macro   0x0000187f      0x1a4 ./Drivers/STM32F1xx_HAL_Driver/Src/stm32f1xx_hal_tim.o
 .debug_macro   0x00001a23      0x1a3 ./Drivers/STM32F1xx_HAL_Driver/Src/stm32f1xx_hal_tim_ex.o

.debug_line     0x00000000     0xd329
 .debug_line    0x00000000      0x6d3 ./Core/Src/event.o
 .debug_line    0x000006d3      0xa45 ./Core/Src/game_of_life.o
 .debug_line    0x00001118      0xaad ./Core/Src/main.o
 .debug_line    0x00001bc5      0xdfb ./Core/Src/renderer.o
 .debug_line    0x000029c0      0x783 ./Core/Src/stm32f1xx_hal_msp.o
 .debug_line    0x00003143      0x772 ./Core/Src/stm32f1xx_it.o
 .debug_line    0x000038b5      0x6e3 ./Core/Src/system_stm32f1xx.o
 .debug_line    0x00003f98       0x78 ./Core/Startup/startup_stm32f103r8tx.o
 .debug_line    0x00004010      0x910 ./Drivers/STM32F1xx_HAL_Driver/Src/stm32f1xx_hal.o
 .debug_line    0x00004920      0xafc ./Drivers/STM32F1xx_HAL_Driver/Src/stm32f1xx_hal_cortex.o
 .debug_line    0x0000541c      0x9a9 ./Drivers/STM32F1xx_HAL_Driver/Src/stm32f1xx_hal_gpio.o
 .debug_line    0x00005dc5      0xd19 ./Drivers/STM32F1xx_HAL_Driver/Src/stm32f1xx_hal_rcc.o
 .debug_line    0x00006ade     0x1bc2 ./Drivers/STM32F1xx_HAL_Driver/Src/stm32f1xx_hal_spi.o
 .debug_line    0x000086a0     0x341a ./Drivers/STM32F1xx_HAL_Driver/Src/stm32f1xx_hal_tim.o
 .debug_line    0x0000baba     0x186f ./Drivers/STM32F1xx_HAL_Driver/Src/stm32f1xx_hal_tim_ex.o

.debug_str      0x00000000    0x8a758
 .debug_str     0x00000000    0x83838 ./Core/Src/event.o
                              0x83b8c (size before relaxing)
 .debug_str     0x00083838     0x3b14 ./Core/Src/game_of_life.o
                              0x8763e (size before relaxing)
 .debug_str     0x0008734c      0xad3 ./Core/Src/main.o
                              0x87868 (size before relaxing)
 .debug_str     0x00087e1f      0x1f3 ./Core/Src/renderer.o
                              0x86fe8 (size before relaxing)
 .debug_str     0x00088012      0x376 ./Core/Src/stm32f1xx_hal_msp.o
                              0x8461e (size before relaxing)
 .debug_str     0x00088388       0xec ./Core/Src/stm32f1xx_it.o
                              0x84090 (size before relaxing)
 .debug_str     0x00088474       0x7e ./Core/Src/system_stm32f1xx.o
                              0x82e67 (size before relaxing)
 .debug_str     0x000884f2       0x44 ./Core/Startup/startup_stm32f103r8tx.o
                                 0x75 (size before relaxing)
 .debug_str     0x00088536      0x378 ./Drivers/STM32F1xx_HAL_Driver/Src/stm32f1xx_hal.o
                              0x8359a (size before relaxing)
 .debug_str     0x000888ae      0x28a ./Drivers/STM32F1xx_HAL_Driver/Src/stm32f1xx_hal_cortex.o
                              0x834e6 (size before relaxing)
 .debug_str     0x00088b38      0x2d0 ./Drivers/STM32F1xx_HAL_Driver/Src/stm32f1xx_hal_gpio.o
                              0x831ed (size before relaxing)
 .debug_str     0x00088e08      0x229 ./Drivers/STM32F1xx_HAL_Driver/Src/stm32f1xx_hal_rcc.o
                              0x83296 (size before relaxing)
 .debug_str     0x00089031      0x566 ./Drivers/STM32F1xx_HAL_Driver/Src/stm32f1xx_hal_spi.o
                              0x83793 (size before relaxing)
 .debug_str     0x00089597      0xd2e ./Drivers/STM32F1xx_HAL_Driver/Src/stm32f1xx_hal_tim.o
                              0x84288 (size before relaxing)
 .debug_str     0x0008a2c5      0x493 ./Drivers/STM32F1xx_HAL_Driver/Src/stm32f1xx_hal_tim_ex.o
                              0x83aa4 (size before relaxing)

.comment        0x00000000       0x43
 .comment       0x00000000       0x43 ./Core/Src/event.o
                                 0x44 (size before relaxing)
 .comment       0x00000043       0x44 ./Core/Src/game_of_life.o
 .comment       0x00000043       0x44 ./Core/Src/main.o
 .comment       0x00000043       0x44 ./Core/Src/renderer.o
 .comment       0x00000043       0x44 ./Core/Src/stm32f1xx_hal_msp.o
 .comment       0x00000043       0x44 ./Core/Src/stm32f1xx_it.o
 .comment       0x00000043       0x44 ./Core/Src/system_stm32f1xx.o
 .comment       0x00000043       0x44 ./Drivers/STM32F1xx_HAL_Driver/Src/stm32f1xx_hal.o
 .comment       0x00000043       0x44 ./Drivers/STM32F1xx_HAL_Driver/Src/stm32f1xx_hal_cortex.o
 .comment       0x00000043       0x44 ./Drivers/STM32F1xx_HAL_Driver/Src/stm32f1xx_hal_gpio.o
 .comment       0x00000043       0x44 ./Drivers/STM32F1xx_HAL_Driver/Src/stm32f1xx_hal_rcc.o
 .comment       0x00000043       0x44 ./Drivers/STM32F1xx_HAL_Driver/Src/stm32f1xx_hal_spi.o
 .comment       0x00000043       0x44 ./Drivers/STM32F1xx_HAL_Driver/Src/stm32f1xx_hal_tim.o
 .comment       0x00000043       0x44 ./Drivers/STM32F1xx_HAL_Driver/Src/stm32f1xx_hal_tim_ex.o

.debug_frame    0x00000000     0x34a4
 .debug_frame   0x00000000       0x8c ./Core/Src/event.o
 .debug_frame   0x0000008c      0x144 ./Core/Src/game_of_life.o
 .debug_frame   0x000001d0      0x174 ./Core/Src/main.o
 .debug_frame   0x00000344      0x2b4 ./Core/Src/renderer.o
 .debug_frame   0x000005f8       0xec ./Core/Src/stm32f1xx_hal_msp.o
 .debug_frame   0x000006e4      0x120 ./Core/Src/stm32f1xx_it.o
 .debug_frame   0x00000804       0x58 ./Core/Src/system_stm32f1xx.o
 .debug_frame   0x0000085c      0x334 ./Drivers/STM32F1xx_HAL_Driver/Src/stm32f1xx_hal.o
 .debug_frame   0x00000b90      0x428 ./Drivers/STM32F1xx_HAL_Driver/Src/stm32f1xx_hal_cortex.o
 .debug_frame   0x00000fb8      0x14c ./Drivers/STM32F1xx_HAL_Driver/Src/stm32f1xx_hal_gpio.o
 .debug_frame   0x00001104      0x218 ./Drivers/STM32F1xx_HAL_Driver/Src/stm32f1xx_hal_rcc.o
 .debug_frame   0x0000131c      0x824 ./Drivers/STM32F1xx_HAL_Driver/Src/stm32f1xx_hal_spi.o
 .debug_frame   0x00001b40     0x11bc ./Drivers/STM32F1xx_HAL_Driver/Src/stm32f1xx_hal_tim.o
 .debug_frame   0x00002cfc      0x638 ./Drivers/STM32F1xx_HAL_Driver/Src/stm32f1xx_hal_tim_ex.o
 .debug_frame   0x00003334       0x20 /home/han/st/stm32cubeide_1.16.0_3/plugins/com.st.stm32cube.ide.mcu.externaltools.gnu-tools-for-stm32.12.3.rel1.linux64_1.0.200.202406132123/tools/bin/../lib/gcc/arm-none-eabi/12.3.1/../../../../arm-none-eabi/lib/thumb/v7-m/nofp/libc_nano.a(libc_a-memset.o)
 .debug_frame   0x00003354       0x2c /home/han/st/stm32cubeide_1.16.0_3/plugins/com.st.stm32cube.ide.mcu.externaltools.gnu-tools-for-stm32.12.3.rel1.linux64_1.0.200.202406132123/tools/bin/../lib/gcc/arm-none-eabi/12.3.1/../../../../arm-none-eabi/lib/thumb/v7-m/nofp/libc_nano.a(libc_a-init.o)
 .debug_frame   0x00003380       0x28 /home/han/st/stm32cubeide_1.16.0_3/plugins/com.st.stm32cube.ide.mcu.externaltools.gnu-tools-for-stm32.12.3.rel1.linux64_1.0.200.202406132123/tools/bin/../lib/gcc/arm-none-eabi/12.3.1/../../../../arm-none-eabi/lib/thumb/v7-m/nofp/libc_nano.a(libc_a-memcpy-stub.o)
 .debug_frame   0x000033a8       0xac /home/han/st/stm32cubeide_1.16.0_3/plugins/com.st.stm32cube.ide.mcu.externaltools.gnu-tools-for-stm32.12.3.rel1.linux64_1.0.200.202406132123/tools/bin/../lib/gcc/arm-none-eabi/12.3.1/thumb/v7-m/nofp/libgcc.a(_arm_addsubdf3.o)
 .debug_frame   0x00003454       0x50 /home/han/st/stm32cubeide_1.16.0_3/plugins/com.st.stm32cube.ide.mcu.externaltools.gnu-tools-for-stm32.12.3.rel1.linux64_1.0.200.202406132123/tools/bin/../lib/gcc/arm-none-eabi/12.3.1/thumb/v7-m/nofp/libgcc.a(_arm_muldivdf3.o)

.debug_line_str
                0x00000000       0x59
 .debug_line_str
                0x00000000       0x59 ./Core/Startup/startup_stm32f103r8tx.o
